Archive member included to satisfy reference by file (symbol)

/usr/lib/gcc/arm-none-eabi/10.3.1/thumb/v6-m/nofp/libgcc.a(_dvmd_tls.o)
                              CMakeFiles/picosim.dir/home/udo/work/raspberry/pico/pico-sdk/src/rp2_common/pico_divider/divider_hardware.S.obj (__aeabi_idiv0)
/usr/lib/gcc/arm-none-eabi/10.3.1/../../../arm-none-eabi/lib/thumb/v6-m/nofp/libg.a(lib_a-atexit.o)
                              /usr/lib/gcc/arm-none-eabi/10.3.1/../../../arm-none-eabi/lib/thumb/v6-m/nofp/crt0.o (atexit)
/usr/lib/gcc/arm-none-eabi/10.3.1/../../../arm-none-eabi/lib/thumb/v6-m/nofp/libg.a(lib_a-atoi.o)
                              CMakeFiles/picosim.dir/simcfg.c.obj (atoi)
/usr/lib/gcc/arm-none-eabi/10.3.1/../../../arm-none-eabi/lib/thumb/v6-m/nofp/libg.a(lib_a-calloc.o)
                              CMakeFiles/picosim.dir/home/udo/work/raspberry/pico/pico-sdk/src/rp2_common/pico_malloc/malloc.c.obj (calloc)
/usr/lib/gcc/arm-none-eabi/10.3.1/../../../arm-none-eabi/lib/thumb/v6-m/nofp/libg.a(lib_a-callocr.o)
                              /usr/lib/gcc/arm-none-eabi/10.3.1/../../../arm-none-eabi/lib/thumb/v6-m/nofp/libg.a(lib_a-calloc.o) (_calloc_r)
/usr/lib/gcc/arm-none-eabi/10.3.1/../../../arm-none-eabi/lib/thumb/v6-m/nofp/libg.a(lib_a-ctype_.o)
                              CMakeFiles/picosim.dir/simcfg.c.obj (_ctype_)
/usr/lib/gcc/arm-none-eabi/10.3.1/../../../arm-none-eabi/lib/thumb/v6-m/nofp/libg.a(lib_a-errno.o)
                              CMakeFiles/picosim.dir/no-OS-FatFS-SD-SDIO-SPI-RPi-Pico/src/src/ff_stdio.c.obj (__errno)
/usr/lib/gcc/arm-none-eabi/10.3.1/../../../arm-none-eabi/lib/thumb/v6-m/nofp/libg.a(lib_a-fflush.o)
                              CMakeFiles/picosim.dir/no-OS-FatFS-SD-SDIO-SPI-RPi-Pico/src/src/my_debug.c.obj (fflush)
/usr/lib/gcc/arm-none-eabi/10.3.1/../../../arm-none-eabi/lib/thumb/v6-m/nofp/libg.a(lib_a-findfp.o)
                              /usr/lib/gcc/arm-none-eabi/10.3.1/../../../arm-none-eabi/lib/thumb/v6-m/nofp/libg.a(lib_a-fflush.o) (__sinit)
/usr/lib/gcc/arm-none-eabi/10.3.1/../../../arm-none-eabi/lib/thumb/v6-m/nofp/libg.a(lib_a-fini.o)
                              /usr/lib/gcc/arm-none-eabi/10.3.1/../../../arm-none-eabi/lib/thumb/v6-m/nofp/crt0.o (__libc_fini_array)
/usr/lib/gcc/arm-none-eabi/10.3.1/../../../arm-none-eabi/lib/thumb/v6-m/nofp/libg.a(lib_a-freer.o)
                              /usr/lib/gcc/arm-none-eabi/10.3.1/../../../arm-none-eabi/lib/thumb/v6-m/nofp/libg.a(lib_a-fflush.o) (_free_r)
/usr/lib/gcc/arm-none-eabi/10.3.1/../../../arm-none-eabi/lib/thumb/v6-m/nofp/libg.a(lib_a-fwalk.o)
                              /usr/lib/gcc/arm-none-eabi/10.3.1/../../../arm-none-eabi/lib/thumb/v6-m/nofp/libg.a(lib_a-findfp.o) (_fwalk)
/usr/lib/gcc/arm-none-eabi/10.3.1/../../../arm-none-eabi/lib/thumb/v6-m/nofp/libg.a(lib_a-impure.o)
                              /usr/lib/gcc/arm-none-eabi/10.3.1/../../../arm-none-eabi/lib/thumb/v6-m/nofp/libg.a(lib_a-fflush.o) (_global_impure_ptr)
/usr/lib/gcc/arm-none-eabi/10.3.1/../../../arm-none-eabi/lib/thumb/v6-m/nofp/libg.a(lib_a-init.o)
                              /usr/lib/gcc/arm-none-eabi/10.3.1/../../../arm-none-eabi/lib/thumb/v6-m/nofp/crt0.o (__libc_init_array)
/usr/lib/gcc/arm-none-eabi/10.3.1/../../../arm-none-eabi/lib/thumb/v6-m/nofp/libg.a(lib_a-lcltime.o)
                              CMakeFiles/picosim.dir/home/udo/work/z80pack/iodevices/rtc80.c.obj (localtime)
/usr/lib/gcc/arm-none-eabi/10.3.1/../../../arm-none-eabi/lib/thumb/v6-m/nofp/libg.a(lib_a-lcltime_r.o)
                              CMakeFiles/picosim.dir/home/udo/work/raspberry/pico/pico-sdk/src/common/pico_util/datetime.c.obj (localtime_r)
/usr/lib/gcc/arm-none-eabi/10.3.1/../../../arm-none-eabi/lib/thumb/v6-m/nofp/libg.a(lib_a-malloc.o)
                              CMakeFiles/picosim.dir/home/udo/work/raspberry/pico/pico-sdk/src/rp2_common/pico_malloc/malloc.c.obj (malloc)
/usr/lib/gcc/arm-none-eabi/10.3.1/../../../arm-none-eabi/lib/thumb/v6-m/nofp/libg.a(lib_a-mallocr.o)
                              /usr/lib/gcc/arm-none-eabi/10.3.1/../../../arm-none-eabi/lib/thumb/v6-m/nofp/libg.a(lib_a-callocr.o) (_malloc_r)
/usr/lib/gcc/arm-none-eabi/10.3.1/../../../arm-none-eabi/lib/thumb/v6-m/nofp/libg.a(lib_a-memcmp.o)
                              CMakeFiles/picosim.dir/home/udo/work/raspberry/pico/pico-sdk/src/rp2_common/pico_atomic/atomic.c.obj (memcmp)
/usr/lib/gcc/arm-none-eabi/10.3.1/../../../arm-none-eabi/lib/thumb/v6-m/nofp/libg.a(lib_a-memmove.o)
                              CMakeFiles/picosim.dir/home/udo/work/raspberry/pico/pico-sdk/lib/tinyusb/src/class/msc/msc_device.c.obj (memmove)
/usr/lib/gcc/arm-none-eabi/10.3.1/../../../arm-none-eabi/lib/thumb/v6-m/nofp/libg.a(lib_a-mktime.o)
                              CMakeFiles/picosim.dir/home/udo/work/raspberry/pico/pico-sdk/src/common/pico_util/datetime.c.obj (mktime)
/usr/lib/gcc/arm-none-eabi/10.3.1/../../../arm-none-eabi/lib/thumb/v6-m/nofp/libg.a(lib_a-mlock.o)
[...]
Memory Configuration

Name             Origin             Length             Attributes
FLASH            0x0000000010000000 0x0000000000200000 xr
RAM              0x0000000020000000 0x0000000000040000 xrw
SCRATCH_X        0x0000000020040000 0x0000000000001000 xrw
SCRATCH_Y        0x0000000020041000 0x0000000000001000 xrw
*default*        0x0000000000000000 0xffffffffffffffff

Linker script and memory map

LOAD /usr/lib/gcc/arm-none-eabi/10.3.1/thumb/v6-m/nofp/crti.o
LOAD /usr/lib/gcc/arm-none-eabi/10.3.1/thumb/v6-m/nofp/crtbegin.o
LOAD /usr/lib/gcc/arm-none-eabi/10.3.1/../../../arm-none-eabi/lib/thumb/v6-m/nofp/crt0.o

.flash_begin    0x0000000010000000        0x0
                0x0000000010000000                __flash_binary_start = .

.boot2          0x0000000010000000      0x100
                0x0000000010000000                __boot2_start__ = .
 *(.boot2)
 .boot2         0x0000000010000000      0x100 /tmp/cc4KE6Zc.o
                0x0000000010000100                __boot2_end__ = .
                0x0000000000000001                ASSERT (((__boot2_end__ - __boot2_start__) == 0x100), ERROR: Pico second stage bootloader must be 256 bytes in size)

.text           0x0000000010000100    0x327e0
                0x0000000010000100                __logical_binary_start = .
 *(.vectors)
 .vectors       0x0000000010000100       0xd4 CMakeFiles/picosim.dir/home/udo/work/raspberry/pico/pico-sdk/src/rp2_common/pico_crt0/crt0.S.obj
                0x0000000010000100                __vectors
                0x0000000010000100                __VECTOR_TABLE
                0x00000000100001c0                isr_invalid
                0x00000000100001c0                __default_isrs_start
                0x00000000100001c2                NMI_Handler
                0x00000000100001c6                SVC_Handler
                0x00000000100001c8                PendSV_Handler
                0x00000000100001ca                SysTick_Handler
                0x00000000100001cc                isr_irq30
                0x00000000100001cc                __unhandled_user_irq
                0x00000000100001cc                isr_irq13
                0x00000000100001cc                isr_irq27
                0x00000000100001cc                isr_irq31
                0x00000000100001cc                isr_irq5
                0x00000000100001cc                isr_irq11
                0x00000000100001cc                isr_irq23
                0x00000000100001cc                isr_irq18
                0x00000000100001cc                isr_irq28
                0x00000000100001cc                isr_irq19
                0x00000000100001cc                isr_irq0
                0x00000000100001cc                isr_irq6
                0x00000000100001cc                isr_irq22
                0x00000000100001cc                isr_irq17
                0x00000000100001cc                isr_irq14
                0x00000000100001cc                isr_irq2
                0x00000000100001cc                isr_irq10
                0x00000000100001cc                isr_irq8
                0x00000000100001cc                isr_irq24
                0x00000000100001cc                isr_irq1
                0x00000000100001cc                isr_irq7
                0x00000000100001cc                isr_irq21
                0x00000000100001cc                isr_irq20
                0x00000000100001cc                isr_irq15
                0x00000000100001cc                isr_irq25
                0x00000000100001cc                isr_irq4
                0x00000000100001cc                isr_irq16
                0x00000000100001cc                isr_irq29
                0x00000000100001cc                isr_irq26
                0x00000000100001cc                __default_isrs_end
                0x00000000100001cc                isr_irq3
                0x00000000100001cc                isr_irq12
                0x00000000100001cc                isr_irq9
                0x00000000100001d2                unhandled_user_irq_num_in_r0
 *(.binary_info_header)
 .binary_info_header
                0x00000000100001d4       0x14 CMakeFiles/picosim.dir/home/udo/work/raspberry/pico/pico-sdk/src/rp2_common/pico_crt0/crt0.S.obj
                0x00000000100001e8                __binary_info_header_end = .
 *(.embedded_block)
                0x00000000100001e8                __embedded_block_end = .
 *(.reset)
 .reset         0x00000000100001e8       0x9c CMakeFiles/picosim.dir/home/udo/work/raspberry/pico/pico-sdk/src/rp2_common/pico_crt0/crt0.S.obj
                0x00000000100001e8                _entry_point
 *(.init)
 .init          0x0000000010000284        0x4 /usr/lib/gcc/arm-none-eabi/10.3.1/thumb/v6-m/nofp/crti.o
                0x0000000010000284                _init
 *(EXCLUDE_FILE(*libm.a: *libc.a:*lib_a-mem*.o *libgcc.a:) .text*)
 .text          0x0000000010000288       0x98 /usr/lib/gcc/arm-none-eabi/10.3.1/thumb/v6-m/nofp/crtbegin.o
 .text.gpio_callback
                0x0000000010000320       0x18 CMakeFiles/picosim.dir/picosim.c.obj
 .text.tud_cdc_send_break_cb
                0x0000000010000338       0x18 CMakeFiles/picosim.dir/picosim.c.obj
                0x0000000010000338                tud_cdc_send_break_cb
 .text.get_cmdline
                0x0000000010000350       0x8c CMakeFiles/picosim.dir/picosim.c.obj
                0x0000000010000350                get_cmdline
 .text.startup.main
                0x00000000100003dc      0x298 CMakeFiles/picosim.dir/picosim.c.obj
                0x00000000100003dc                main
 .text.sd_get_num
                0x0000000010000674        0x4 CMakeFiles/picosim.dir/disks.c.obj
                0x0000000010000674                sd_get_num
 .text.sd_get_by_num
                0x0000000010000678       0x10 CMakeFiles/picosim.dir/disks.c.obj
                0x0000000010000678                sd_get_by_num
 .text.init_disks
                0x0000000010000688       0x34 CMakeFiles/picosim.dir/disks.c.obj
                0x0000000010000688                init_disks
 .text.exit_disks
                0x00000000100006bc       0x14 CMakeFiles/picosim.dir/disks.c.obj
                0x00000000100006bc                exit_disks
 .text.list_files
                0x00000000100006d0       0x84 CMakeFiles/picosim.dir/disks.c.obj
                0x00000000100006d0                list_files
 .text.load_file
                0x0000000010000754      0x144 CMakeFiles/picosim.dir/disks.c.obj
                0x0000000010000754                load_file
 .text.check_disks
                0x0000000010000898      0x11c CMakeFiles/picosim.dir/disks.c.obj
                0x0000000010000898                check_disks
 .text.mount_disk
                0x00000000100009b4       0xc8 CMakeFiles/picosim.dir/disks.c.obj
                0x00000000100009b4                mount_disk
 .text.read_sec
                0x0000000010000a7c      0x1c8 CMakeFiles/picosim.dir/disks.c.obj
                0x0000000010000a7c                read_sec
 .text.write_sec
                0x0000000010000c44      0x19c CMakeFiles/picosim.dir/disks.c.obj
                0x0000000010000c44                write_sec
 .text.get_fdccmd
                0x0000000010000de0       0xb4 CMakeFiles/picosim.dir/disks.c.obj
                0x0000000010000de0                get_fdccmd
 .text.config   0x0000000010000e94      0x888 CMakeFiles/picosim.dir/simcfg.c.obj
                0x0000000010000e94                config
 .text.hwctl_in
                0x000000001000171c        0xc CMakeFiles/picosim.dir/simio.c.obj
 .text.mmu_in   0x0000000010001728        0xc CMakeFiles/picosim.dir/simio.c.obj
 .text.p255_in  0x0000000010001734        0xc CMakeFiles/picosim.dir/simio.c.obj
 .text.mmu_out  0x0000000010001740        0xc CMakeFiles/picosim.dir/simio.c.obj
 .text.p255_out
                0x000000001000174c        0xc CMakeFiles/picosim.dir/simio.c.obj
 .text.p001_in  0x0000000010001758       0x24 CMakeFiles/picosim.dir/simio.c.obj
 .text.p000_in  0x000000001000177c       0x28 CMakeFiles/picosim.dir/simio.c.obj
 .text.p001_out
                0x00000000100017a4        0xc CMakeFiles/picosim.dir/simio.c.obj
 .text.hwctl_out
                0x00000000100017b0       0x6c CMakeFiles/picosim.dir/simio.c.obj
 .text.p000_out
                0x000000001000181c       0x64 CMakeFiles/picosim.dir/simio.c.obj
 .text.init_io  0x0000000010001880        0x4 CMakeFiles/picosim.dir/simio.c.obj
                0x0000000010001880                init_io
 .text.init_memory
                0x0000000010001884       0x5c CMakeFiles/picosim.dir/simmem.c.obj
                0x0000000010001884                init_memory
 .text.reset_memory
                0x00000000100018e0        0xc CMakeFiles/picosim.dir/simmem.c.obj
                0x00000000100018e0                reset_memory
 .text.clkc_in  0x00000000100018ec        0xc CMakeFiles/picosim.dir/home/udo/work/z80pack/iodevices/rtc80.c.obj
                0x00000000100018ec                clkc_in
 .text.clkc_out
                0x00000000100018f8       0x1c CMakeFiles/picosim.dir/home/udo/work/z80pack/iodevices/rtc80.c.obj
                0x00000000100018f8                clkc_out
 .text.clkd_in  0x0000000010001914      0x16c CMakeFiles/picosim.dir/home/udo/work/z80pack/iodevices/rtc80.c.obj
                0x0000000010001914                clkd_in
 .text.clkd_out
                0x0000000010001a80        0x4 CMakeFiles/picosim.dir/home/udo/work/z80pack/iodevices/rtc80.c.obj
                0x0000000010001a80                clkd_out
 .text.fdc_out  0x0000000010001a84       0xa8 CMakeFiles/picosim.dir/home/udo/work/z80pack/iodevices/sd-fdc.c.obj
                0x0000000010001a84                fdc_out
 .text.fdc_in   0x0000000010001b2c        0xc CMakeFiles/picosim.dir/home/udo/work/z80pack/iodevices/sd-fdc.c.obj
                0x0000000010001b2c                fdc_in
 .text.op_nop   0x0000000010001b38        0x4 CMakeFiles/picosim.dir/home/udo/work/z80pack/z80core/sim8080.c.obj
 .text.op_stc   0x0000000010001b3c       0x14 CMakeFiles/picosim.dir/home/udo/work/z80pack/z80core/sim8080.c.obj
 .text.op_cmc   0x0000000010001b50       0x1c CMakeFiles/picosim.dir/home/udo/work/z80pack/z80core/sim8080.c.obj
 .text.op_cma   0x0000000010001b6c       0x10 CMakeFiles/picosim.dir/home/udo/work/z80pack/z80core/sim8080.c.obj
 .text.op_daa   0x0000000010001b7c       0xa4 CMakeFiles/picosim.dir/home/udo/work/z80pack/z80core/sim8080.c.obj
 .text.op_ei    0x0000000010001c20       0x18 CMakeFiles/picosim.dir/home/udo/work/z80pack/z80core/sim8080.c.obj
 .text.op_di    0x0000000010001c38       0x10 CMakeFiles/picosim.dir/home/udo/work/z80pack/z80core/sim8080.c.obj
 .text.op_mvian
                0x0000000010001c48       0x40 CMakeFiles/picosim.dir/home/udo/work/z80pack/z80core/sim8080.c.obj
 .text.op_mvibn
                0x0000000010001c88       0x40 CMakeFiles/picosim.dir/home/udo/work/z80pack/z80core/sim8080.c.obj
 .text.op_mvicn
                0x0000000010001cc8       0x40 CMakeFiles/picosim.dir/home/udo/work/z80pack/z80core/sim8080.c.obj
 .text.op_mvidn
                0x0000000010001d08       0x40 CMakeFiles/picosim.dir/home/udo/work/z80pack/z80core/sim8080.c.obj
 .text.op_mvien
                0x0000000010001d48       0x40 CMakeFiles/picosim.dir/home/udo/work/z80pack/z80core/sim8080.c.obj
 .text.op_mvihn
                0x0000000010001d88       0x40 CMakeFiles/picosim.dir/home/udo/work/z80pack/z80core/sim8080.c.obj
 .text.op_mviln
                0x0000000010001dc8       0x40 CMakeFiles/picosim.dir/home/udo/work/z80pack/z80core/sim8080.c.obj
 .text.op_ldaxb
                0x0000000010001e08       0x4c CMakeFiles/picosim.dir/home/udo/work/z80pack/z80core/sim8080.c.obj
 .text.op_ldaxd
                0x0000000010001e54       0x4c CMakeFiles/picosim.dir/home/udo/work/z80pack/z80core/sim8080.c.obj
 .text.op_ldann
                0x0000000010001ea0       0x90 CMakeFiles/picosim.dir/home/udo/work/z80pack/z80core/sim8080.c.obj
 .text.op_staxb
                0x0000000010001f30       0x54 CMakeFiles/picosim.dir/home/udo/work/z80pack/z80core/sim8080.c.obj
 .text.op_staxd
                0x0000000010001f84       0x54 CMakeFiles/picosim.dir/home/udo/work/z80pack/z80core/sim8080.c.obj
 .text.op_stann
                0x0000000010001fd8       0x90 CMakeFiles/picosim.dir/home/udo/work/z80pack/z80core/sim8080.c.obj
 .text.op_movma
                0x0000000010002068       0x54 CMakeFiles/picosim.dir/home/udo/work/z80pack/z80core/sim8080.c.obj
 .text.op_movmb
                0x00000000100020bc       0x54 CMakeFiles/picosim.dir/home/udo/work/z80pack/z80core/sim8080.c.obj
 .text.op_movmc
                0x0000000010002110       0x54 CMakeFiles/picosim.dir/home/udo/work/z80pack/z80core/sim8080.c.obj
 .text.op_movmd
                0x0000000010002164       0x54 CMakeFiles/picosim.dir/home/udo/work/z80pack/z80core/sim8080.c.obj
 .text.op_movme
                0x00000000100021b8       0x54 CMakeFiles/picosim.dir/home/udo/work/z80pack/z80core/sim8080.c.obj
 .text.op_movmh
                0x000000001000220c       0x4c CMakeFiles/picosim.dir/home/udo/work/z80pack/z80core/sim8080.c.obj
 .text.op_movml
                0x0000000010002258       0x4c CMakeFiles/picosim.dir/home/udo/work/z80pack/z80core/sim8080.c.obj
 .text.op_mvimn
                0x00000000100022a4       0x6c CMakeFiles/picosim.dir/home/udo/work/z80pack/z80core/sim8080.c.obj
 .text.op_movaa
                0x0000000010002310        0x4 CMakeFiles/picosim.dir/home/udo/work/z80pack/z80core/sim8080.c.obj
 .text.op_movab
                0x0000000010002314       0x14 CMakeFiles/picosim.dir/home/udo/work/z80pack/z80core/sim8080.c.obj
 .text.op_movac
                0x0000000010002328       0x14 CMakeFiles/picosim.dir/home/udo/work/z80pack/z80core/sim8080.c.obj
 .text.op_movad
                0x000000001000233c       0x14 CMakeFiles/picosim.dir/home/udo/work/z80pack/z80core/sim8080.c.obj
 .text.op_movae
                0x0000000010002350       0x14 CMakeFiles/picosim.dir/home/udo/work/z80pack/z80core/sim8080.c.obj
 .text.op_movah
                0x0000000010002364       0x14 CMakeFiles/picosim.dir/home/udo/work/z80pack/z80core/sim8080.c.obj
 .text.op_moval
                0x0000000010002378       0x14 CMakeFiles/picosim.dir/home/udo/work/z80pack/z80core/sim8080.c.obj
 .text.op_movam
                0x000000001000238c       0x4c CMakeFiles/picosim.dir/home/udo/work/z80pack/z80core/sim8080.c.obj
 .text.op_movba
                0x00000000100023d8       0x14 CMakeFiles/picosim.dir/home/udo/work/z80pack/z80core/sim8080.c.obj
 .text.op_movbc
                0x00000000100023ec       0x14 CMakeFiles/picosim.dir/home/udo/work/z80pack/z80core/sim8080.c.obj
 .text.op_movbd
                0x0000000010002400       0x14 CMakeFiles/picosim.dir/home/udo/work/z80pack/z80core/sim8080.c.obj
 .text.op_movbe
                0x0000000010002414       0x14 CMakeFiles/picosim.dir/home/udo/work/z80pack/z80core/sim8080.c.obj
 .text.op_movbh
                0x0000000010002428       0x14 CMakeFiles/picosim.dir/home/udo/work/z80pack/z80core/sim8080.c.obj
 .text.op_movbl
                0x000000001000243c       0x14 CMakeFiles/picosim.dir/home/udo/work/z80pack/z80core/sim8080.c.obj
 .text.op_movbm
                0x0000000010002450       0x4c CMakeFiles/picosim.dir/home/udo/work/z80pack/z80core/sim8080.c.obj
 .text.op_movca
                0x000000001000249c       0x14 CMakeFiles/picosim.dir/home/udo/work/z80pack/z80core/sim8080.c.obj
 .text.op_movcb
                0x00000000100024b0       0x14 CMakeFiles/picosim.dir/home/udo/work/z80pack/z80core/sim8080.c.obj
 .text.op_movcd
                0x00000000100024c4       0x14 CMakeFiles/picosim.dir/home/udo/work/z80pack/z80core/sim8080.c.obj
 .text.op_movce
                0x00000000100024d8       0x14 CMakeFiles/picosim.dir/home/udo/work/z80pack/z80core/sim8080.c.obj
 .text.op_movch
                0x00000000100024ec       0x14 CMakeFiles/picosim.dir/home/udo/work/z80pack/z80core/sim8080.c.obj
 .text.op_movcl
                0x0000000010002500       0x14 CMakeFiles/picosim.dir/home/udo/work/z80pack/z80core/sim8080.c.obj
 .text.op_movcm
                0x0000000010002514       0x4c CMakeFiles/picosim.dir/home/udo/work/z80pack/z80core/sim8080.c.obj
 .text.op_movda
                0x0000000010002560       0x14 CMakeFiles/picosim.dir/home/udo/work/z80pack/z80core/sim8080.c.obj
 .text.op_movdb
                0x0000000010002574       0x14 CMakeFiles/picosim.dir/home/udo/work/z80pack/z80core/sim8080.c.obj
 .text.op_movdc
                0x0000000010002588       0x14 CMakeFiles/picosim.dir/home/udo/work/z80pack/z80core/sim8080.c.obj
 .text.op_movde
                0x000000001000259c       0x14 CMakeFiles/picosim.dir/home/udo/work/z80pack/z80core/sim8080.c.obj
 .text.op_movdh
                0x00000000100025b0       0x14 CMakeFiles/picosim.dir/home/udo/work/z80pack/z80core/sim8080.c.obj
 .text.op_movdl
                0x00000000100025c4       0x14 CMakeFiles/picosim.dir/home/udo/work/z80pack/z80core/sim8080.c.obj
 .text.op_movdm
                0x00000000100025d8       0x4c CMakeFiles/picosim.dir/home/udo/work/z80pack/z80core/sim8080.c.obj
 .text.op_movea
                0x0000000010002624       0x14 CMakeFiles/picosim.dir/home/udo/work/z80pack/z80core/sim8080.c.obj
 .text.op_moveb
                0x0000000010002638       0x14 CMakeFiles/picosim.dir/home/udo/work/z80pack/z80core/sim8080.c.obj
 .text.op_movec
                0x000000001000264c       0x14 CMakeFiles/picosim.dir/home/udo/work/z80pack/z80core/sim8080.c.obj
 .text.op_moved
                0x0000000010002660       0x14 CMakeFiles/picosim.dir/home/udo/work/z80pack/z80core/sim8080.c.obj
 .text.op_moveh
                0x0000000010002674       0x14 CMakeFiles/picosim.dir/home/udo/work/z80pack/z80core/sim8080.c.obj
 .text.op_movel
                0x0000000010002688       0x14 CMakeFiles/picosim.dir/home/udo/work/z80pack/z80core/sim8080.c.obj
 .text.op_movem
                0x000000001000269c       0x4c CMakeFiles/picosim.dir/home/udo/work/z80pack/z80core/sim8080.c.obj
 .text.op_movha
                0x00000000100026e8       0x14 CMakeFiles/picosim.dir/home/udo/work/z80pack/z80core/sim8080.c.obj
 .text.op_movhb
                0x00000000100026fc       0x14 CMakeFiles/picosim.dir/home/udo/work/z80pack/z80core/sim8080.c.obj
 .text.op_movhc
                0x0000000010002710       0x14 CMakeFiles/picosim.dir/home/udo/work/z80pack/z80core/sim8080.c.obj
 .text.op_movhd
                0x0000000010002724       0x14 CMakeFiles/picosim.dir/home/udo/work/z80pack/z80core/sim8080.c.obj
 .text.op_movhe
                0x0000000010002738       0x14 CMakeFiles/picosim.dir/home/udo/work/z80pack/z80core/sim8080.c.obj
 .text.op_movhl
                0x000000001000274c       0x14 CMakeFiles/picosim.dir/home/udo/work/z80pack/z80core/sim8080.c.obj
 .text.op_movhm
                0x0000000010002760       0x44 CMakeFiles/picosim.dir/home/udo/work/z80pack/z80core/sim8080.c.obj
 .text.op_movla
                0x00000000100027a4       0x14 CMakeFiles/picosim.dir/home/udo/work/z80pack/z80core/sim8080.c.obj
 .text.op_movlb
                0x00000000100027b8       0x14 CMakeFiles/picosim.dir/home/udo/work/z80pack/z80core/sim8080.c.obj
 .text.op_movlc
                0x00000000100027cc       0x14 CMakeFiles/picosim.dir/home/udo/work/z80pack/z80core/sim8080.c.obj
 .text.op_movld
                0x00000000100027e0       0x14 CMakeFiles/picosim.dir/home/udo/work/z80pack/z80core/sim8080.c.obj
 .text.op_movle
                0x00000000100027f4       0x14 CMakeFiles/picosim.dir/home/udo/work/z80pack/z80core/sim8080.c.obj
 .text.op_movlh
                0x0000000010002808       0x14 CMakeFiles/picosim.dir/home/udo/work/z80pack/z80core/sim8080.c.obj
 .text.op_movlm
                0x000000001000281c       0x44 CMakeFiles/picosim.dir/home/udo/work/z80pack/z80core/sim8080.c.obj
 .text.op_lxibnn
                0x0000000010002860       0x78 CMakeFiles/picosim.dir/home/udo/work/z80pack/z80core/sim8080.c.obj
 .text.op_lxidnn
                0x00000000100028d8       0x78 CMakeFiles/picosim.dir/home/udo/work/z80pack/z80core/sim8080.c.obj
 .text.op_lxihnn
                0x0000000010002950       0x78 CMakeFiles/picosim.dir/home/udo/work/z80pack/z80core/sim8080.c.obj
 .text.op_lxispnn
                0x00000000100029c8       0x6c CMakeFiles/picosim.dir/home/udo/work/z80pack/z80core/sim8080.c.obj
 .text.op_sphl  0x0000000010002a34       0x20 CMakeFiles/picosim.dir/home/udo/work/z80pack/z80core/sim8080.c.obj
 .text.op_lhldnn
                0x0000000010002a54       0xc0 CMakeFiles/picosim.dir/home/udo/work/z80pack/z80core/sim8080.c.obj
 .text.op_shldnn
                0x0000000010002b14       0xe4 CMakeFiles/picosim.dir/home/udo/work/z80pack/z80core/sim8080.c.obj
 .text.op_inxsp
                0x0000000010002bf8       0x10 CMakeFiles/picosim.dir/home/udo/work/z80pack/z80core/sim8080.c.obj
 .text.op_dcxsp
                0x0000000010002c08       0x10 CMakeFiles/picosim.dir/home/udo/work/z80pack/z80core/sim8080.c.obj
 .text.op_dadb  0x0000000010002c18       0x58 CMakeFiles/picosim.dir/home/udo/work/z80pack/z80core/sim8080.c.obj
 .text.op_dadd  0x0000000010002c70       0x58 CMakeFiles/picosim.dir/home/udo/work/z80pack/z80core/sim8080.c.obj
 .text.op_dadh  0x0000000010002cc8       0x48 CMakeFiles/picosim.dir/home/udo/work/z80pack/z80core/sim8080.c.obj
 .text.op_dadsp
                0x0000000010002d10       0x58 CMakeFiles/picosim.dir/home/udo/work/z80pack/z80core/sim8080.c.obj
 .text.op_anaa  0x0000000010002d68       0x78 CMakeFiles/picosim.dir/home/udo/work/z80pack/z80core/sim8080.c.obj
 .text.op_anab  0x0000000010002de0       0x80 CMakeFiles/picosim.dir/home/udo/work/z80pack/z80core/sim8080.c.obj
 .text.op_anac  0x0000000010002e60       0x80 CMakeFiles/picosim.dir/home/udo/work/z80pack/z80core/sim8080.c.obj
 .text.op_anad  0x0000000010002ee0       0x80 CMakeFiles/picosim.dir/home/udo/work/z80pack/z80core/sim8080.c.obj
 .text.op_anae  0x0000000010002f60       0x80 CMakeFiles/picosim.dir/home/udo/work/z80pack/z80core/sim8080.c.obj
 .text.op_anah  0x0000000010002fe0       0x80 CMakeFiles/picosim.dir/home/udo/work/z80pack/z80core/sim8080.c.obj
 .text.op_anal  0x0000000010003060       0x80 CMakeFiles/picosim.dir/home/udo/work/z80pack/z80core/sim8080.c.obj
 .text.op_anam  0x00000000100030e0       0xb8 CMakeFiles/picosim.dir/home/udo/work/z80pack/z80core/sim8080.c.obj
 .text.op_anin  0x0000000010003198       0xac CMakeFiles/picosim.dir/home/udo/work/z80pack/z80core/sim8080.c.obj
 .text.op_oraa  0x0000000010003244       0x5c CMakeFiles/picosim.dir/home/udo/work/z80pack/z80core/sim8080.c.obj
 .text.op_orab  0x00000000100032a0       0x64 CMakeFiles/picosim.dir/home/udo/work/z80pack/z80core/sim8080.c.obj
 .text.op_orac  0x0000000010003304       0x64 CMakeFiles/picosim.dir/home/udo/work/z80pack/z80core/sim8080.c.obj
 .text.op_orad  0x0000000010003368       0x64 CMakeFiles/picosim.dir/home/udo/work/z80pack/z80core/sim8080.c.obj
 .text.op_orae  0x00000000100033cc       0x64 CMakeFiles/picosim.dir/home/udo/work/z80pack/z80core/sim8080.c.obj
 .text.op_orah  0x0000000010003430       0x64 CMakeFiles/picosim.dir/home/udo/work/z80pack/z80core/sim8080.c.obj
 .text.op_oral  0x0000000010003494       0x64 CMakeFiles/picosim.dir/home/udo/work/z80pack/z80core/sim8080.c.obj
 .text.op_oram  0x00000000100034f8       0x9c CMakeFiles/picosim.dir/home/udo/work/z80pack/z80core/sim8080.c.obj
 .text.op_orin  0x0000000010003594       0x90 CMakeFiles/picosim.dir/home/udo/work/z80pack/z80core/sim8080.c.obj
 .text.op_xraa  0x0000000010003624       0x24 CMakeFiles/picosim.dir/home/udo/work/z80pack/z80core/sim8080.c.obj
 .text.op_xrab  0x0000000010003648       0x68 CMakeFiles/picosim.dir/home/udo/work/z80pack/z80core/sim8080.c.obj
 .text.op_xrac  0x00000000100036b0       0x68 CMakeFiles/picosim.dir/home/udo/work/z80pack/z80core/sim8080.c.obj
 .text.op_xrad  0x0000000010003718       0x68 CMakeFiles/picosim.dir/home/udo/work/z80pack/z80core/sim8080.c.obj
 .text.op_xrae  0x0000000010003780       0x68 CMakeFiles/picosim.dir/home/udo/work/z80pack/z80core/sim8080.c.obj
 .text.op_xrah  0x00000000100037e8       0x68 CMakeFiles/picosim.dir/home/udo/work/z80pack/z80core/sim8080.c.obj
 .text.op_xral  0x0000000010003850       0x68 CMakeFiles/picosim.dir/home/udo/work/z80pack/z80core/sim8080.c.obj
 .text.op_xram  0x00000000100038b8       0xa0 CMakeFiles/picosim.dir/home/udo/work/z80pack/z80core/sim8080.c.obj
 .text.op_xrin  0x0000000010003958       0x94 CMakeFiles/picosim.dir/home/udo/work/z80pack/z80core/sim8080.c.obj
 .text.op_adda  0x00000000100039ec       0x8c CMakeFiles/picosim.dir/home/udo/work/z80pack/z80core/sim8080.c.obj
 .text.op_addb  0x0000000010003a78       0x98 CMakeFiles/picosim.dir/home/udo/work/z80pack/z80core/sim8080.c.obj
 .text.op_addc  0x0000000010003b10       0x98 CMakeFiles/picosim.dir/home/udo/work/z80pack/z80core/sim8080.c.obj
 .text.op_addd  0x0000000010003ba8       0x98 CMakeFiles/picosim.dir/home/udo/work/z80pack/z80core/sim8080.c.obj
 .text.op_adde  0x0000000010003c40       0x98 CMakeFiles/picosim.dir/home/udo/work/z80pack/z80core/sim8080.c.obj
 .text.op_addh  0x0000000010003cd8       0x98 CMakeFiles/picosim.dir/home/udo/work/z80pack/z80core/sim8080.c.obj
 .text.op_addl  0x0000000010003d70       0x98 CMakeFiles/picosim.dir/home/udo/work/z80pack/z80core/sim8080.c.obj
 .text.op_addm  0x0000000010003e08       0xcc CMakeFiles/picosim.dir/home/udo/work/z80pack/z80core/sim8080.c.obj
 .text.op_adin  0x0000000010003ed4       0xc4 CMakeFiles/picosim.dir/home/udo/work/z80pack/z80core/sim8080.c.obj
 .text.op_adca  0x0000000010003f98       0x90 CMakeFiles/picosim.dir/home/udo/work/z80pack/z80core/sim8080.c.obj
 .text.op_adcb  0x0000000010004028       0xa0 CMakeFiles/picosim.dir/home/udo/work/z80pack/z80core/sim8080.c.obj
 .text.op_adcc  0x00000000100040c8       0xa0 CMakeFiles/picosim.dir/home/udo/work/z80pack/z80core/sim8080.c.obj
 .text.op_adcd  0x0000000010004168       0xa0 CMakeFiles/picosim.dir/home/udo/work/z80pack/z80core/sim8080.c.obj
 .text.op_adce  0x0000000010004208       0xa0 CMakeFiles/picosim.dir/home/udo/work/z80pack/z80core/sim8080.c.obj
 .text.op_adch  0x00000000100042a8       0xa0 CMakeFiles/picosim.dir/home/udo/work/z80pack/z80core/sim8080.c.obj
 .text.op_adcl  0x0000000010004348       0xa0 CMakeFiles/picosim.dir/home/udo/work/z80pack/z80core/sim8080.c.obj
 .text.op_adcm  0x00000000100043e8       0xd8 CMakeFiles/picosim.dir/home/udo/work/z80pack/z80core/sim8080.c.obj
 .text.op_acin  0x00000000100044c0       0xd0 CMakeFiles/picosim.dir/home/udo/work/z80pack/z80core/sim8080.c.obj
 .text.op_suba  0x0000000010004590       0x24 CMakeFiles/picosim.dir/home/udo/work/z80pack/z80core/sim8080.c.obj
 .text.op_subb  0x00000000100045b4       0x98 CMakeFiles/picosim.dir/home/udo/work/z80pack/z80core/sim8080.c.obj
 .text.op_subc  0x000000001000464c       0x98 CMakeFiles/picosim.dir/home/udo/work/z80pack/z80core/sim8080.c.obj
 .text.op_subd  0x00000000100046e4       0x98 CMakeFiles/picosim.dir/home/udo/work/z80pack/z80core/sim8080.c.obj
 .text.op_sube  0x000000001000477c       0x98 CMakeFiles/picosim.dir/home/udo/work/z80pack/z80core/sim8080.c.obj
 .text.op_subh  0x0000000010004814       0x98 CMakeFiles/picosim.dir/home/udo/work/z80pack/z80core/sim8080.c.obj
 .text.op_subl  0x00000000100048ac       0x98 CMakeFiles/picosim.dir/home/udo/work/z80pack/z80core/sim8080.c.obj
 .text.op_subm  0x0000000010004944       0xcc CMakeFiles/picosim.dir/home/udo/work/z80pack/z80core/sim8080.c.obj
 .text.op_suin  0x0000000010004a10       0xc4 CMakeFiles/picosim.dir/home/udo/work/z80pack/z80core/sim8080.c.obj
 .text.op_sbba  0x0000000010004ad4       0x30 CMakeFiles/picosim.dir/home/udo/work/z80pack/z80core/sim8080.c.obj
 .text.op_sbbb  0x0000000010004b04       0x9c CMakeFiles/picosim.dir/home/udo/work/z80pack/z80core/sim8080.c.obj
 .text.op_sbbc  0x0000000010004ba0       0x9c CMakeFiles/picosim.dir/home/udo/work/z80pack/z80core/sim8080.c.obj
 .text.op_sbbd  0x0000000010004c3c       0x9c CMakeFiles/picosim.dir/home/udo/work/z80pack/z80core/sim8080.c.obj
 .text.op_sbbe  0x0000000010004cd8       0x9c CMakeFiles/picosim.dir/home/udo/work/z80pack/z80core/sim8080.c.obj
 .text.op_sbbh  0x0000000010004d74       0x9c CMakeFiles/picosim.dir/home/udo/work/z80pack/z80core/sim8080.c.obj
 .text.op_sbbl  0x0000000010004e10       0x9c CMakeFiles/picosim.dir/home/udo/work/z80pack/z80core/sim8080.c.obj
 .text.op_sbbm  0x0000000010004eac       0xd4 CMakeFiles/picosim.dir/home/udo/work/z80pack/z80core/sim8080.c.obj
 .text.op_sbin  0x0000000010004f80       0xc8 CMakeFiles/picosim.dir/home/udo/work/z80pack/z80core/sim8080.c.obj
 .text.op_cmpa  0x0000000010005048       0x18 CMakeFiles/picosim.dir/home/udo/work/z80pack/z80core/sim8080.c.obj
 .text.op_cmpb  0x0000000010005060       0x94 CMakeFiles/picosim.dir/home/udo/work/z80pack/z80core/sim8080.c.obj
 .text.op_cmpc  0x00000000100050f4       0x94 CMakeFiles/picosim.dir/home/udo/work/z80pack/z80core/sim8080.c.obj
 .text.op_cmpd  0x0000000010005188       0x94 CMakeFiles/picosim.dir/home/udo/work/z80pack/z80core/sim8080.c.obj
 .text.op_cmpe  0x000000001000521c       0x94 CMakeFiles/picosim.dir/home/udo/work/z80pack/z80core/sim8080.c.obj
 .text.op_cmph  0x00000000100052b0       0x94 CMakeFiles/picosim.dir/home/udo/work/z80pack/z80core/sim8080.c.obj
 .text.op_cmpl  0x0000000010005344       0x94 CMakeFiles/picosim.dir/home/udo/work/z80pack/z80core/sim8080.c.obj
 .text.op_cmpm  0x00000000100053d8       0xc8 CMakeFiles/picosim.dir/home/udo/work/z80pack/z80core/sim8080.c.obj
 .text.op_cpin  0x00000000100054a0       0xc0 CMakeFiles/picosim.dir/home/udo/work/z80pack/z80core/sim8080.c.obj
 .text.op_inrm  0x0000000010005560       0xb4 CMakeFiles/picosim.dir/home/udo/work/z80pack/z80core/sim8080.c.obj
 .text.op_dcrm  0x0000000010005614       0xb8 CMakeFiles/picosim.dir/home/udo/work/z80pack/z80core/sim8080.c.obj
 .text.op_rlc   0x00000000100056cc       0x34 CMakeFiles/picosim.dir/home/udo/work/z80pack/z80core/sim8080.c.obj
 .text.op_rrc   0x0000000010005700       0x34 CMakeFiles/picosim.dir/home/udo/work/z80pack/z80core/sim8080.c.obj
 .text.op_ral   0x0000000010005734       0x3c CMakeFiles/picosim.dir/home/udo/work/z80pack/z80core/sim8080.c.obj
 .text.op_rar   0x0000000010005770       0x38 CMakeFiles/picosim.dir/home/udo/work/z80pack/z80core/sim8080.c.obj
 .text.op_xchg  0x00000000100057a8       0x2c CMakeFiles/picosim.dir/home/udo/work/z80pack/z80core/sim8080.c.obj
 .text.op_xthl  0x00000000100057d4       0xa4 CMakeFiles/picosim.dir/home/udo/work/z80pack/z80core/sim8080.c.obj
 .text.op_pushpsw
                0x0000000010005878       0x84 CMakeFiles/picosim.dir/home/udo/work/z80pack/z80core/sim8080.c.obj
 .text.op_pushb
                0x00000000100058fc       0x84 CMakeFiles/picosim.dir/home/udo/work/z80pack/z80core/sim8080.c.obj
 .text.op_pushd
                0x0000000010005980       0x84 CMakeFiles/picosim.dir/home/udo/work/z80pack/z80core/sim8080.c.obj
 .text.op_pushh
                0x0000000010005a04       0x84 CMakeFiles/picosim.dir/home/udo/work/z80pack/z80core/sim8080.c.obj
 .text.op_poppsw
                0x0000000010005a88       0x7c CMakeFiles/picosim.dir/home/udo/work/z80pack/z80core/sim8080.c.obj
 .text.op_popb  0x0000000010005b04       0x78 CMakeFiles/picosim.dir/home/udo/work/z80pack/z80core/sim8080.c.obj
 .text.op_popd  0x0000000010005b7c       0x78 CMakeFiles/picosim.dir/home/udo/work/z80pack/z80core/sim8080.c.obj
 .text.op_poph  0x0000000010005bf4       0x78 CMakeFiles/picosim.dir/home/udo/work/z80pack/z80core/sim8080.c.obj
 .text.op_jmp   0x0000000010005c6c       0x58 CMakeFiles/picosim.dir/home/udo/work/z80pack/z80core/sim8080.c.obj
 .text.op_pchl  0x0000000010005cc4       0x20 CMakeFiles/picosim.dir/home/udo/work/z80pack/z80core/sim8080.c.obj
 .text.op_call  0x0000000010005ce4       0xd0 CMakeFiles/picosim.dir/home/udo/work/z80pack/z80core/sim8080.c.obj
 .text.op_ret   0x0000000010005db4       0x6c CMakeFiles/picosim.dir/home/udo/work/z80pack/z80core/sim8080.c.obj
 .text.op_jz    0x0000000010005e20       0x74 CMakeFiles/picosim.dir/home/udo/work/z80pack/z80core/sim8080.c.obj
 .text.op_jnz   0x0000000010005e94       0x74 CMakeFiles/picosim.dir/home/udo/work/z80pack/z80core/sim8080.c.obj
 .text.op_jc    0x0000000010005f08       0x74 CMakeFiles/picosim.dir/home/udo/work/z80pack/z80core/sim8080.c.obj
 .text.op_jnc   0x0000000010005f7c       0x74 CMakeFiles/picosim.dir/home/udo/work/z80pack/z80core/sim8080.c.obj
 .text.op_jpe   0x0000000010005ff0       0x74 CMakeFiles/picosim.dir/home/udo/work/z80pack/z80core/sim8080.c.obj
 .text.op_jpo   0x0000000010006064       0x74 CMakeFiles/picosim.dir/home/udo/work/z80pack/z80core/sim8080.c.obj
 .text.op_jm    0x00000000100060d8       0x74 CMakeFiles/picosim.dir/home/udo/work/z80pack/z80core/sim8080.c.obj
 .text.op_jp    0x000000001000614c       0x74 CMakeFiles/picosim.dir/home/udo/work/z80pack/z80core/sim8080.c.obj
 .text.op_cz    0x00000000100061c0      0x11c CMakeFiles/picosim.dir/home/udo/work/z80pack/z80core/sim8080.c.obj
 .text.op_cnz   0x00000000100062dc      0x11c CMakeFiles/picosim.dir/home/udo/work/z80pack/z80core/sim8080.c.obj
 .text.op_cc    0x00000000100063f8      0x11c CMakeFiles/picosim.dir/home/udo/work/z80pack/z80core/sim8080.c.obj
 .text.op_cnc   0x0000000010006514      0x11c CMakeFiles/picosim.dir/home/udo/work/z80pack/z80core/sim8080.c.obj
 .text.op_cpe   0x0000000010006630      0x11c CMakeFiles/picosim.dir/home/udo/work/z80pack/z80core/sim8080.c.obj
 .text.op_cpo   0x000000001000674c      0x11c CMakeFiles/picosim.dir/home/udo/work/z80pack/z80core/sim8080.c.obj
 .text.op_cm    0x0000000010006868      0x11c CMakeFiles/picosim.dir/home/udo/work/z80pack/z80core/sim8080.c.obj
 .text.op_cp    0x0000000010006984      0x11c CMakeFiles/picosim.dir/home/udo/work/z80pack/z80core/sim8080.c.obj
 .text.op_rst0  0x0000000010006aa0       0x84 CMakeFiles/picosim.dir/home/udo/work/z80pack/z80core/sim8080.c.obj
 .text.op_rst1  0x0000000010006b24       0x84 CMakeFiles/picosim.dir/home/udo/work/z80pack/z80core/sim8080.c.obj
 .text.op_rst2  0x0000000010006ba8       0x84 CMakeFiles/picosim.dir/home/udo/work/z80pack/z80core/sim8080.c.obj
 .text.op_rst3  0x0000000010006c2c       0x84 CMakeFiles/picosim.dir/home/udo/work/z80pack/z80core/sim8080.c.obj
 .text.op_rst4  0x0000000010006cb0       0x84 CMakeFiles/picosim.dir/home/udo/work/z80pack/z80core/sim8080.c.obj
 .text.op_rst5  0x0000000010006d34       0x84 CMakeFiles/picosim.dir/home/udo/work/z80pack/z80core/sim8080.c.obj
 .text.op_rst6  0x0000000010006db8       0x84 CMakeFiles/picosim.dir/home/udo/work/z80pack/z80core/sim8080.c.obj
 .text.op_rst7  0x0000000010006e3c       0x84 CMakeFiles/picosim.dir/home/udo/work/z80pack/z80core/sim8080.c.obj
 .text.op_undoc_nop
                0x0000000010006ec0       0x28 CMakeFiles/picosim.dir/home/udo/work/z80pack/z80core/sim8080.c.obj
 .text.op_in    0x0000000010006ee8       0x48 CMakeFiles/picosim.dir/home/udo/work/z80pack/z80core/sim8080.c.obj
 .text.op_out   0x0000000010006f30       0x48 CMakeFiles/picosim.dir/home/udo/work/z80pack/z80core/sim8080.c.obj
 .text.op_hlt   0x0000000010006f78       0x74 CMakeFiles/picosim.dir/home/udo/work/z80pack/z80core/sim8080.c.obj
 .text.op_inxb  0x0000000010006fec       0x24 CMakeFiles/picosim.dir/home/udo/work/z80pack/z80core/sim8080.c.obj
 .text.op_inxd  0x0000000010007010       0x24 CMakeFiles/picosim.dir/home/udo/work/z80pack/z80core/sim8080.c.obj
 .text.op_inxh  0x0000000010007034       0x24 CMakeFiles/picosim.dir/home/udo/work/z80pack/z80core/sim8080.c.obj
 .text.op_dcxb  0x0000000010007058       0x24 CMakeFiles/picosim.dir/home/udo/work/z80pack/z80core/sim8080.c.obj
 .text.op_dcxd  0x000000001000707c       0x24 CMakeFiles/picosim.dir/home/udo/work/z80pack/z80core/sim8080.c.obj
 .text.op_dcxh  0x00000000100070a0       0x24 CMakeFiles/picosim.dir/home/udo/work/z80pack/z80core/sim8080.c.obj
 .text.op_dcrl  0x00000000100070c4       0x68 CMakeFiles/picosim.dir/home/udo/work/z80pack/z80core/sim8080.c.obj
 .text.op_rp    0x000000001000712c       0x7c CMakeFiles/picosim.dir/home/udo/work/z80pack/z80core/sim8080.c.obj
 .text.op_movll
                0x00000000100071a8        0x4 CMakeFiles/picosim.dir/home/udo/work/z80pack/z80core/sim8080.c.obj
 .text.op_movbb
                0x00000000100071ac        0x4 CMakeFiles/picosim.dir/home/udo/work/z80pack/z80core/sim8080.c.obj
 .text.op_movcc
                0x00000000100071b0        0x4 CMakeFiles/picosim.dir/home/udo/work/z80pack/z80core/sim8080.c.obj
 .text.op_movdd
                0x00000000100071b4        0x4 CMakeFiles/picosim.dir/home/udo/work/z80pack/z80core/sim8080.c.obj
 .text.op_movee
                0x00000000100071b8        0x4 CMakeFiles/picosim.dir/home/udo/work/z80pack/z80core/sim8080.c.obj
 .text.op_movhh
                0x00000000100071bc        0x4 CMakeFiles/picosim.dir/home/udo/work/z80pack/z80core/sim8080.c.obj
 .text.op_inra  0x00000000100071c0       0x6c CMakeFiles/picosim.dir/home/udo/work/z80pack/z80core/sim8080.c.obj
 .text.op_inrb  0x000000001000722c       0x6c CMakeFiles/picosim.dir/home/udo/work/z80pack/z80core/sim8080.c.obj
 .text.op_inrc  0x0000000010007298       0x6c CMakeFiles/picosim.dir/home/udo/work/z80pack/z80core/sim8080.c.obj
 .text.op_inrd  0x0000000010007304       0x6c CMakeFiles/picosim.dir/home/udo/work/z80pack/z80core/sim8080.c.obj
 .text.op_inre  0x0000000010007370       0x6c CMakeFiles/picosim.dir/home/udo/work/z80pack/z80core/sim8080.c.obj
 .text.op_inrh  0x00000000100073dc       0x6c CMakeFiles/picosim.dir/home/udo/work/z80pack/z80core/sim8080.c.obj
 .text.op_inrl  0x0000000010007448       0x6c CMakeFiles/picosim.dir/home/udo/work/z80pack/z80core/sim8080.c.obj
 .text.op_dcra  0x00000000100074b4       0x68 CMakeFiles/picosim.dir/home/udo/work/z80pack/z80core/sim8080.c.obj
 .text.op_dcrb  0x000000001000751c       0x68 CMakeFiles/picosim.dir/home/udo/work/z80pack/z80core/sim8080.c.obj
 .text.op_dcrc  0x0000000010007584       0x68 CMakeFiles/picosim.dir/home/udo/work/z80pack/z80core/sim8080.c.obj
 .text.op_dcrd  0x00000000100075ec       0x68 CMakeFiles/picosim.dir/home/udo/work/z80pack/z80core/sim8080.c.obj
 .text.op_dcre  0x0000000010007654       0x68 CMakeFiles/picosim.dir/home/udo/work/z80pack/z80core/sim8080.c.obj
 .text.op_dcrh  0x00000000100076bc       0x68 CMakeFiles/picosim.dir/home/udo/work/z80pack/z80core/sim8080.c.obj
 .text.op_undoc_jmp
                0x0000000010007724       0x7c CMakeFiles/picosim.dir/home/udo/work/z80pack/z80core/sim8080.c.obj
 .text.op_undoc_ret
                0x00000000100077a0       0x90 CMakeFiles/picosim.dir/home/udo/work/z80pack/z80core/sim8080.c.obj
 .text.op_undoc_call
                0x0000000010007830       0xf0 CMakeFiles/picosim.dir/home/udo/work/z80pack/z80core/sim8080.c.obj
 .text.op_rz    0x0000000010007920       0x7c CMakeFiles/picosim.dir/home/udo/work/z80pack/z80core/sim8080.c.obj
 .text.op_rnz   0x000000001000799c       0x7c CMakeFiles/picosim.dir/home/udo/work/z80pack/z80core/sim8080.c.obj
 .text.op_rc    0x0000000010007a18       0x7c CMakeFiles/picosim.dir/home/udo/work/z80pack/z80core/sim8080.c.obj
 .text.op_rnc   0x0000000010007a94       0x7c CMakeFiles/picosim.dir/home/udo/work/z80pack/z80core/sim8080.c.obj
 .text.op_rpe   0x0000000010007b10       0x7c CMakeFiles/picosim.dir/home/udo/work/z80pack/z80core/sim8080.c.obj
 .text.op_rpo   0x0000000010007b8c       0x7c CMakeFiles/picosim.dir/home/udo/work/z80pack/z80core/sim8080.c.obj
 .text.op_rm    0x0000000010007c08       0x7c CMakeFiles/picosim.dir/home/udo/work/z80pack/z80core/sim8080.c.obj
 .text.cpu_8080
                0x0000000010007c84      0x330 CMakeFiles/picosim.dir/home/udo/work/z80pack/z80core/sim8080.c.obj
                0x0000000010007c84                cpu_8080
 .text.init_cpu
                0x0000000010007fb4      0x1b4 CMakeFiles/picosim.dir/home/udo/work/z80pack/z80core/simcore.c.obj
                0x0000000010007fb4                init_cpu
 .text.reset_cpu
                0x0000000010008168       0x5c CMakeFiles/picosim.dir/home/udo/work/z80pack/z80core/simcore.c.obj
                0x0000000010008168                reset_cpu
 .text.switch_cpu
                0x00000000100081c4       0x34 CMakeFiles/picosim.dir/home/udo/work/z80pack/z80core/simcore.c.obj
                0x00000000100081c4                switch_cpu
 .text.run_cpu  0x00000000100081f8       0x70 CMakeFiles/picosim.dir/home/udo/work/z80pack/z80core/simcore.c.obj
                0x00000000100081f8                run_cpu
 .text.report_cpu_error
                0x0000000010008268      0x1f0 CMakeFiles/picosim.dir/home/udo/work/z80pack/z80core/simcore.c.obj
                0x0000000010008268                report_cpu_error
 .text.report_cpu_stats
                0x0000000010008458       0x70 CMakeFiles/picosim.dir/home/udo/work/z80pack/z80core/simcore.c.obj
                0x0000000010008458                report_cpu_stats
 .text.io_in    0x00000000100084c8       0x7c CMakeFiles/picosim.dir/home/udo/work/z80pack/z80core/simcore.c.obj
                0x00000000100084c8                io_in
 .text.io_out   0x0000000010008544       0x78 CMakeFiles/picosim.dir/home/udo/work/z80pack/z80core/simcore.c.obj
                0x0000000010008544                io_out
 .text.end_bus_request
                0x00000000100085bc       0x1c CMakeFiles/picosim.dir/home/udo/work/z80pack/z80core/simcore.c.obj
                0x00000000100085bc                end_bus_request
 .text.op_srlhl
                0x00000000100085d8       0xac CMakeFiles/picosim.dir/home/udo/work/z80pack/z80core/simz80-cb.c.obj
 .text.op_slahl
                0x0000000010008684       0xcc CMakeFiles/picosim.dir/home/udo/work/z80pack/z80core/simz80-cb.c.obj
 .text.op_rlra  0x0000000010008750       0x80 CMakeFiles/picosim.dir/home/udo/work/z80pack/z80core/simz80-cb.c.obj
 .text.op_rlb   0x00000000100087d0       0x80 CMakeFiles/picosim.dir/home/udo/work/z80pack/z80core/simz80-cb.c.obj
 .text.op_rlc   0x0000000010008850       0x80 CMakeFiles/picosim.dir/home/udo/work/z80pack/z80core/simz80-cb.c.obj
 .text.op_rld   0x00000000100088d0       0x80 CMakeFiles/picosim.dir/home/udo/work/z80pack/z80core/simz80-cb.c.obj
 .text.op_rle   0x0000000010008950       0x80 CMakeFiles/picosim.dir/home/udo/work/z80pack/z80core/simz80-cb.c.obj
 .text.op_rlh   0x00000000100089d0       0x80 CMakeFiles/picosim.dir/home/udo/work/z80pack/z80core/simz80-cb.c.obj
 .text.op_rll   0x0000000010008a50       0x80 CMakeFiles/picosim.dir/home/udo/work/z80pack/z80core/simz80-cb.c.obj
 .text.op_rlhl  0x0000000010008ad0       0xd8 CMakeFiles/picosim.dir/home/udo/work/z80pack/z80core/simz80-cb.c.obj
 .text.op_rrra  0x0000000010008ba8       0x80 CMakeFiles/picosim.dir/home/udo/work/z80pack/z80core/simz80-cb.c.obj
 .text.op_rrb   0x0000000010008c28       0x80 CMakeFiles/picosim.dir/home/udo/work/z80pack/z80core/simz80-cb.c.obj
 .text.op_rrc   0x0000000010008ca8       0x80 CMakeFiles/picosim.dir/home/udo/work/z80pack/z80core/simz80-cb.c.obj
 .text.op_rrd   0x0000000010008d28       0x80 CMakeFiles/picosim.dir/home/udo/work/z80pack/z80core/simz80-cb.c.obj
 .text.op_rre   0x0000000010008da8       0x80 CMakeFiles/picosim.dir/home/udo/work/z80pack/z80core/simz80-cb.c.obj
 .text.op_rrh   0x0000000010008e28       0x80 CMakeFiles/picosim.dir/home/udo/work/z80pack/z80core/simz80-cb.c.obj
 .text.op_rrl   0x0000000010008ea8       0x80 CMakeFiles/picosim.dir/home/udo/work/z80pack/z80core/simz80-cb.c.obj
 .text.op_rrhl  0x0000000010008f28       0xc4 CMakeFiles/picosim.dir/home/udo/work/z80pack/z80core/simz80-cb.c.obj
 .text.op_rrcra
                0x0000000010008fec       0x70 CMakeFiles/picosim.dir/home/udo/work/z80pack/z80core/simz80-cb.c.obj
 .text.op_rrcb  0x000000001000905c       0x70 CMakeFiles/picosim.dir/home/udo/work/z80pack/z80core/simz80-cb.c.obj
 .text.op_rrcc  0x00000000100090cc       0x70 CMakeFiles/picosim.dir/home/udo/work/z80pack/z80core/simz80-cb.c.obj
 .text.op_rrcd  0x000000001000913c       0x70 CMakeFiles/picosim.dir/home/udo/work/z80pack/z80core/simz80-cb.c.obj
 .text.op_rrce  0x00000000100091ac       0x70 CMakeFiles/picosim.dir/home/udo/work/z80pack/z80core/simz80-cb.c.obj
 .text.op_rrch  0x000000001000921c       0x70 CMakeFiles/picosim.dir/home/udo/work/z80pack/z80core/simz80-cb.c.obj
 .text.op_rrcl  0x000000001000928c       0x70 CMakeFiles/picosim.dir/home/udo/work/z80pack/z80core/simz80-cb.c.obj
 .text.op_rrchl
                0x00000000100092fc       0xc4 CMakeFiles/picosim.dir/home/udo/work/z80pack/z80core/simz80-cb.c.obj
 .text.op_rlcra
                0x00000000100093c0       0x80 CMakeFiles/picosim.dir/home/udo/work/z80pack/z80core/simz80-cb.c.obj
 .text.op_rlcb  0x0000000010009440       0x80 CMakeFiles/picosim.dir/home/udo/work/z80pack/z80core/simz80-cb.c.obj
 .text.op_rlcc  0x00000000100094c0       0x80 CMakeFiles/picosim.dir/home/udo/work/z80pack/z80core/simz80-cb.c.obj
 .text.op_rlcd  0x0000000010009540       0x80 CMakeFiles/picosim.dir/home/udo/work/z80pack/z80core/simz80-cb.c.obj
 .text.op_rlce  0x00000000100095c0       0x80 CMakeFiles/picosim.dir/home/udo/work/z80pack/z80core/simz80-cb.c.obj
 .text.op_rlch  0x0000000010009640       0x80 CMakeFiles/picosim.dir/home/udo/work/z80pack/z80core/simz80-cb.c.obj
 .text.op_rlcl  0x00000000100096c0       0x80 CMakeFiles/picosim.dir/home/udo/work/z80pack/z80core/simz80-cb.c.obj
 .text.op_rlchl
                0x0000000010009740       0xcc CMakeFiles/picosim.dir/home/udo/work/z80pack/z80core/simz80-cb.c.obj
 .text.op_srahl
                0x000000001000980c       0xc4 CMakeFiles/picosim.dir/home/udo/work/z80pack/z80core/simz80-cb.c.obj
 .text.op_sb0a  0x00000000100098d0       0x14 CMakeFiles/picosim.dir/home/udo/work/z80pack/z80core/simz80-cb.c.obj
 .text.op_sb1a  0x00000000100098e4       0x14 CMakeFiles/picosim.dir/home/udo/work/z80pack/z80core/simz80-cb.c.obj
 .text.op_sb2a  0x00000000100098f8       0x14 CMakeFiles/picosim.dir/home/udo/work/z80pack/z80core/simz80-cb.c.obj
 .text.op_sb3a  0x000000001000990c       0x14 CMakeFiles/picosim.dir/home/udo/work/z80pack/z80core/simz80-cb.c.obj
 .text.op_sb4a  0x0000000010009920       0x14 CMakeFiles/picosim.dir/home/udo/work/z80pack/z80core/simz80-cb.c.obj
 .text.op_sb5a  0x0000000010009934       0x14 CMakeFiles/picosim.dir/home/udo/work/z80pack/z80core/simz80-cb.c.obj
 .text.op_sb6a  0x0000000010009948       0x14 CMakeFiles/picosim.dir/home/udo/work/z80pack/z80core/simz80-cb.c.obj
 .text.op_sb7a  0x000000001000995c       0x14 CMakeFiles/picosim.dir/home/udo/work/z80pack/z80core/simz80-cb.c.obj
 .text.op_sb0b  0x0000000010009970       0x14 CMakeFiles/picosim.dir/home/udo/work/z80pack/z80core/simz80-cb.c.obj
 .text.op_sb1b  0x0000000010009984       0x14 CMakeFiles/picosim.dir/home/udo/work/z80pack/z80core/simz80-cb.c.obj
 .text.op_sb2b  0x0000000010009998       0x14 CMakeFiles/picosim.dir/home/udo/work/z80pack/z80core/simz80-cb.c.obj
 .text.op_sb3b  0x00000000100099ac       0x14 CMakeFiles/picosim.dir/home/udo/work/z80pack/z80core/simz80-cb.c.obj
 .text.op_sb4b  0x00000000100099c0       0x14 CMakeFiles/picosim.dir/home/udo/work/z80pack/z80core/simz80-cb.c.obj
 .text.op_sb5b  0x00000000100099d4       0x14 CMakeFiles/picosim.dir/home/udo/work/z80pack/z80core/simz80-cb.c.obj
 .text.op_sb6b  0x00000000100099e8       0x14 CMakeFiles/picosim.dir/home/udo/work/z80pack/z80core/simz80-cb.c.obj
 .text.op_sb7b  0x00000000100099fc       0x14 CMakeFiles/picosim.dir/home/udo/work/z80pack/z80core/simz80-cb.c.obj
 .text.op_sb0c  0x0000000010009a10       0x14 CMakeFiles/picosim.dir/home/udo/work/z80pack/z80core/simz80-cb.c.obj
 .text.op_sb1c  0x0000000010009a24       0x14 CMakeFiles/picosim.dir/home/udo/work/z80pack/z80core/simz80-cb.c.obj
 .text.op_sb2c  0x0000000010009a38       0x14 CMakeFiles/picosim.dir/home/udo/work/z80pack/z80core/simz80-cb.c.obj
 .text.op_sb3c  0x0000000010009a4c       0x14 CMakeFiles/picosim.dir/home/udo/work/z80pack/z80core/simz80-cb.c.obj
 .text.op_sb4c  0x0000000010009a60       0x14 CMakeFiles/picosim.dir/home/udo/work/z80pack/z80core/simz80-cb.c.obj
 .text.op_sb5c  0x0000000010009a74       0x14 CMakeFiles/picosim.dir/home/udo/work/z80pack/z80core/simz80-cb.c.obj
 .text.op_sb6c  0x0000000010009a88       0x14 CMakeFiles/picosim.dir/home/udo/work/z80pack/z80core/simz80-cb.c.obj
 .text.op_sb7c  0x0000000010009a9c       0x14 CMakeFiles/picosim.dir/home/udo/work/z80pack/z80core/simz80-cb.c.obj
 .text.op_sb0d  0x0000000010009ab0       0x14 CMakeFiles/picosim.dir/home/udo/work/z80pack/z80core/simz80-cb.c.obj
 .text.op_sb1d  0x0000000010009ac4       0x14 CMakeFiles/picosim.dir/home/udo/work/z80pack/z80core/simz80-cb.c.obj
 .text.op_sb2d  0x0000000010009ad8       0x14 CMakeFiles/picosim.dir/home/udo/work/z80pack/z80core/simz80-cb.c.obj
 .text.op_sb3d  0x0000000010009aec       0x14 CMakeFiles/picosim.dir/home/udo/work/z80pack/z80core/simz80-cb.c.obj
 .text.op_sb4d  0x0000000010009b00       0x14 CMakeFiles/picosim.dir/home/udo/work/z80pack/z80core/simz80-cb.c.obj
 .text.op_sb5d  0x0000000010009b14       0x14 CMakeFiles/picosim.dir/home/udo/work/z80pack/z80core/simz80-cb.c.obj
 .text.op_sb6d  0x0000000010009b28       0x14 CMakeFiles/picosim.dir/home/udo/work/z80pack/z80core/simz80-cb.c.obj
 .text.op_sb7d  0x0000000010009b3c       0x14 CMakeFiles/picosim.dir/home/udo/work/z80pack/z80core/simz80-cb.c.obj
 .text.op_sb0e  0x0000000010009b50       0x14 CMakeFiles/picosim.dir/home/udo/work/z80pack/z80core/simz80-cb.c.obj
 .text.op_sb1e  0x0000000010009b64       0x14 CMakeFiles/picosim.dir/home/udo/work/z80pack/z80core/simz80-cb.c.obj
 .text.op_sb2e  0x0000000010009b78       0x14 CMakeFiles/picosim.dir/home/udo/work/z80pack/z80core/simz80-cb.c.obj
 .text.op_sb3e  0x0000000010009b8c       0x14 CMakeFiles/picosim.dir/home/udo/work/z80pack/z80core/simz80-cb.c.obj
 .text.op_sb4e  0x0000000010009ba0       0x14 CMakeFiles/picosim.dir/home/udo/work/z80pack/z80core/simz80-cb.c.obj
 .text.op_sb5e  0x0000000010009bb4       0x14 CMakeFiles/picosim.dir/home/udo/work/z80pack/z80core/simz80-cb.c.obj
 .text.op_sb6e  0x0000000010009bc8       0x14 CMakeFiles/picosim.dir/home/udo/work/z80pack/z80core/simz80-cb.c.obj
 .text.op_sb7e  0x0000000010009bdc       0x14 CMakeFiles/picosim.dir/home/udo/work/z80pack/z80core/simz80-cb.c.obj
 .text.op_sb0h  0x0000000010009bf0       0x14 CMakeFiles/picosim.dir/home/udo/work/z80pack/z80core/simz80-cb.c.obj
 .text.op_sb1h  0x0000000010009c04       0x14 CMakeFiles/picosim.dir/home/udo/work/z80pack/z80core/simz80-cb.c.obj
 .text.op_sb2h  0x0000000010009c18       0x14 CMakeFiles/picosim.dir/home/udo/work/z80pack/z80core/simz80-cb.c.obj
 .text.op_sb3h  0x0000000010009c2c       0x14 CMakeFiles/picosim.dir/home/udo/work/z80pack/z80core/simz80-cb.c.obj
 .text.op_sb4h  0x0000000010009c40       0x14 CMakeFiles/picosim.dir/home/udo/work/z80pack/z80core/simz80-cb.c.obj
 .text.op_sb5h  0x0000000010009c54       0x14 CMakeFiles/picosim.dir/home/udo/work/z80pack/z80core/simz80-cb.c.obj
 .text.op_sb6h  0x0000000010009c68       0x14 CMakeFiles/picosim.dir/home/udo/work/z80pack/z80core/simz80-cb.c.obj
 .text.op_sb7h  0x0000000010009c7c       0x14 CMakeFiles/picosim.dir/home/udo/work/z80pack/z80core/simz80-cb.c.obj
 .text.op_sb0l  0x0000000010009c90       0x14 CMakeFiles/picosim.dir/home/udo/work/z80pack/z80core/simz80-cb.c.obj
 .text.op_sb1l  0x0000000010009ca4       0x14 CMakeFiles/picosim.dir/home/udo/work/z80pack/z80core/simz80-cb.c.obj
 .text.op_sb2l  0x0000000010009cb8       0x14 CMakeFiles/picosim.dir/home/udo/work/z80pack/z80core/simz80-cb.c.obj
 .text.op_sb3l  0x0000000010009ccc       0x14 CMakeFiles/picosim.dir/home/udo/work/z80pack/z80core/simz80-cb.c.obj
 .text.op_sb4l  0x0000000010009ce0       0x14 CMakeFiles/picosim.dir/home/udo/work/z80pack/z80core/simz80-cb.c.obj
 .text.op_sb5l  0x0000000010009cf4       0x14 CMakeFiles/picosim.dir/home/udo/work/z80pack/z80core/simz80-cb.c.obj
 .text.op_sb6l  0x0000000010009d08       0x14 CMakeFiles/picosim.dir/home/udo/work/z80pack/z80core/simz80-cb.c.obj
 .text.op_sb7l  0x0000000010009d1c       0x14 CMakeFiles/picosim.dir/home/udo/work/z80pack/z80core/simz80-cb.c.obj
 .text.op_sb0hl
                0x0000000010009d30       0x58 CMakeFiles/picosim.dir/home/udo/work/z80pack/z80core/simz80-cb.c.obj
 .text.op_sb1hl
                0x0000000010009d88       0x58 CMakeFiles/picosim.dir/home/udo/work/z80pack/z80core/simz80-cb.c.obj
 .text.op_sb2hl
                0x0000000010009de0       0x58 CMakeFiles/picosim.dir/home/udo/work/z80pack/z80core/simz80-cb.c.obj
 .text.op_sb3hl
                0x0000000010009e38       0x58 CMakeFiles/picosim.dir/home/udo/work/z80pack/z80core/simz80-cb.c.obj
 .text.op_sb4hl
                0x0000000010009e90       0x58 CMakeFiles/picosim.dir/home/udo/work/z80pack/z80core/simz80-cb.c.obj
 .text.op_sb5hl
                0x0000000010009ee8       0x58 CMakeFiles/picosim.dir/home/udo/work/z80pack/z80core/simz80-cb.c.obj
 .text.op_sb6hl
                0x0000000010009f40       0x58 CMakeFiles/picosim.dir/home/udo/work/z80pack/z80core/simz80-cb.c.obj
 .text.op_sb7hl
                0x0000000010009f98       0x5c CMakeFiles/picosim.dir/home/udo/work/z80pack/z80core/simz80-cb.c.obj
 .text.op_rb0a  0x0000000010009ff4       0x14 CMakeFiles/picosim.dir/home/udo/work/z80pack/z80core/simz80-cb.c.obj
 .text.op_rb1a  0x000000001000a008       0x14 CMakeFiles/picosim.dir/home/udo/work/z80pack/z80core/simz80-cb.c.obj
 .text.op_rb2a  0x000000001000a01c       0x14 CMakeFiles/picosim.dir/home/udo/work/z80pack/z80core/simz80-cb.c.obj
 .text.op_rb3a  0x000000001000a030       0x14 CMakeFiles/picosim.dir/home/udo/work/z80pack/z80core/simz80-cb.c.obj
 .text.op_rb4a  0x000000001000a044       0x14 CMakeFiles/picosim.dir/home/udo/work/z80pack/z80core/simz80-cb.c.obj
 .text.op_rb5a  0x000000001000a058       0x14 CMakeFiles/picosim.dir/home/udo/work/z80pack/z80core/simz80-cb.c.obj
 .text.op_rb6a  0x000000001000a06c       0x14 CMakeFiles/picosim.dir/home/udo/work/z80pack/z80core/simz80-cb.c.obj
 .text.op_rb7a  0x000000001000a080       0x14 CMakeFiles/picosim.dir/home/udo/work/z80pack/z80core/simz80-cb.c.obj
 .text.op_rb0b  0x000000001000a094       0x14 CMakeFiles/picosim.dir/home/udo/work/z80pack/z80core/simz80-cb.c.obj
 .text.op_rb1b  0x000000001000a0a8       0x14 CMakeFiles/picosim.dir/home/udo/work/z80pack/z80core/simz80-cb.c.obj
 .text.op_rb2b  0x000000001000a0bc       0x14 CMakeFiles/picosim.dir/home/udo/work/z80pack/z80core/simz80-cb.c.obj
 .text.op_rb3b  0x000000001000a0d0       0x14 CMakeFiles/picosim.dir/home/udo/work/z80pack/z80core/simz80-cb.c.obj
 .text.op_rb4b  0x000000001000a0e4       0x14 CMakeFiles/picosim.dir/home/udo/work/z80pack/z80core/simz80-cb.c.obj
 .text.op_rb5b  0x000000001000a0f8       0x14 CMakeFiles/picosim.dir/home/udo/work/z80pack/z80core/simz80-cb.c.obj
 .text.op_rb6b  0x000000001000a10c       0x14 CMakeFiles/picosim.dir/home/udo/work/z80pack/z80core/simz80-cb.c.obj
 .text.op_rb7b  0x000000001000a120       0x14 CMakeFiles/picosim.dir/home/udo/work/z80pack/z80core/simz80-cb.c.obj
 .text.op_rb0c  0x000000001000a134       0x14 CMakeFiles/picosim.dir/home/udo/work/z80pack/z80core/simz80-cb.c.obj
 .text.op_rb1c  0x000000001000a148       0x14 CMakeFiles/picosim.dir/home/udo/work/z80pack/z80core/simz80-cb.c.obj
 .text.op_rb2c  0x000000001000a15c       0x14 CMakeFiles/picosim.dir/home/udo/work/z80pack/z80core/simz80-cb.c.obj
 .text.op_rb3c  0x000000001000a170       0x14 CMakeFiles/picosim.dir/home/udo/work/z80pack/z80core/simz80-cb.c.obj
 .text.op_rb4c  0x000000001000a184       0x14 CMakeFiles/picosim.dir/home/udo/work/z80pack/z80core/simz80-cb.c.obj
 .text.op_rb5c  0x000000001000a198       0x14 CMakeFiles/picosim.dir/home/udo/work/z80pack/z80core/simz80-cb.c.obj
 .text.op_rb6c  0x000000001000a1ac       0x14 CMakeFiles/picosim.dir/home/udo/work/z80pack/z80core/simz80-cb.c.obj
 .text.op_rb7c  0x000000001000a1c0       0x14 CMakeFiles/picosim.dir/home/udo/work/z80pack/z80core/simz80-cb.c.obj
 .text.op_rb0d  0x000000001000a1d4       0x14 CMakeFiles/picosim.dir/home/udo/work/z80pack/z80core/simz80-cb.c.obj
 .text.op_rb1d  0x000000001000a1e8       0x14 CMakeFiles/picosim.dir/home/udo/work/z80pack/z80core/simz80-cb.c.obj
 .text.op_rb2d  0x000000001000a1fc       0x14 CMakeFiles/picosim.dir/home/udo/work/z80pack/z80core/simz80-cb.c.obj
 .text.op_rb3d  0x000000001000a210       0x14 CMakeFiles/picosim.dir/home/udo/work/z80pack/z80core/simz80-cb.c.obj
 .text.op_rb4d  0x000000001000a224       0x14 CMakeFiles/picosim.dir/home/udo/work/z80pack/z80core/simz80-cb.c.obj
 .text.op_rb5d  0x000000001000a238       0x14 CMakeFiles/picosim.dir/home/udo/work/z80pack/z80core/simz80-cb.c.obj
 .text.op_rb6d  0x000000001000a24c       0x14 CMakeFiles/picosim.dir/home/udo/work/z80pack/z80core/simz80-cb.c.obj
 .text.op_rb7d  0x000000001000a260       0x14 CMakeFiles/picosim.dir/home/udo/work/z80pack/z80core/simz80-cb.c.obj
 .text.op_rb0e  0x000000001000a274       0x14 CMakeFiles/picosim.dir/home/udo/work/z80pack/z80core/simz80-cb.c.obj
 .text.op_rb1e  0x000000001000a288       0x14 CMakeFiles/picosim.dir/home/udo/work/z80pack/z80core/simz80-cb.c.obj
 .text.op_rb2e  0x000000001000a29c       0x14 CMakeFiles/picosim.dir/home/udo/work/z80pack/z80core/simz80-cb.c.obj
 .text.op_rb3e  0x000000001000a2b0       0x14 CMakeFiles/picosim.dir/home/udo/work/z80pack/z80core/simz80-cb.c.obj
 .text.op_rb4e  0x000000001000a2c4       0x14 CMakeFiles/picosim.dir/home/udo/work/z80pack/z80core/simz80-cb.c.obj
 .text.op_rb5e  0x000000001000a2d8       0x14 CMakeFiles/picosim.dir/home/udo/work/z80pack/z80core/simz80-cb.c.obj
 .text.op_rb6e  0x000000001000a2ec       0x14 CMakeFiles/picosim.dir/home/udo/work/z80pack/z80core/simz80-cb.c.obj
 .text.op_rb7e  0x000000001000a300       0x14 CMakeFiles/picosim.dir/home/udo/work/z80pack/z80core/simz80-cb.c.obj
 .text.op_rb0h  0x000000001000a314       0x14 CMakeFiles/picosim.dir/home/udo/work/z80pack/z80core/simz80-cb.c.obj
 .text.op_rb1h  0x000000001000a328       0x14 CMakeFiles/picosim.dir/home/udo/work/z80pack/z80core/simz80-cb.c.obj
 .text.op_rb2h  0x000000001000a33c       0x14 CMakeFiles/picosim.dir/home/udo/work/z80pack/z80core/simz80-cb.c.obj
 .text.op_rb3h  0x000000001000a350       0x14 CMakeFiles/picosim.dir/home/udo/work/z80pack/z80core/simz80-cb.c.obj
 .text.op_rb4h  0x000000001000a364       0x14 CMakeFiles/picosim.dir/home/udo/work/z80pack/z80core/simz80-cb.c.obj
 .text.op_rb5h  0x000000001000a378       0x14 CMakeFiles/picosim.dir/home/udo/work/z80pack/z80core/simz80-cb.c.obj
 .text.op_rb6h  0x000000001000a38c       0x14 CMakeFiles/picosim.dir/home/udo/work/z80pack/z80core/simz80-cb.c.obj
 .text.op_rb7h  0x000000001000a3a0       0x14 CMakeFiles/picosim.dir/home/udo/work/z80pack/z80core/simz80-cb.c.obj
 .text.op_rb0l  0x000000001000a3b4       0x14 CMakeFiles/picosim.dir/home/udo/work/z80pack/z80core/simz80-cb.c.obj
 .text.op_rb1l  0x000000001000a3c8       0x14 CMakeFiles/picosim.dir/home/udo/work/z80pack/z80core/simz80-cb.c.obj
 .text.op_rb2l  0x000000001000a3dc       0x14 CMakeFiles/picosim.dir/home/udo/work/z80pack/z80core/simz80-cb.c.obj
 .text.op_rb3l  0x000000001000a3f0       0x14 CMakeFiles/picosim.dir/home/udo/work/z80pack/z80core/simz80-cb.c.obj
 .text.op_rb4l  0x000000001000a404       0x14 CMakeFiles/picosim.dir/home/udo/work/z80pack/z80core/simz80-cb.c.obj
 .text.op_rb5l  0x000000001000a418       0x14 CMakeFiles/picosim.dir/home/udo/work/z80pack/z80core/simz80-cb.c.obj
 .text.op_rb6l  0x000000001000a42c       0x14 CMakeFiles/picosim.dir/home/udo/work/z80pack/z80core/simz80-cb.c.obj
 .text.op_rb7l  0x000000001000a440       0x14 CMakeFiles/picosim.dir/home/udo/work/z80pack/z80core/simz80-cb.c.obj
 .text.op_rb0hl
                0x000000001000a454       0x58 CMakeFiles/picosim.dir/home/udo/work/z80pack/z80core/simz80-cb.c.obj
 .text.op_rb1hl
                0x000000001000a4ac       0x58 CMakeFiles/picosim.dir/home/udo/work/z80pack/z80core/simz80-cb.c.obj
 .text.op_rb2hl
                0x000000001000a504       0x58 CMakeFiles/picosim.dir/home/udo/work/z80pack/z80core/simz80-cb.c.obj
 .text.op_rb3hl
                0x000000001000a55c       0x58 CMakeFiles/picosim.dir/home/udo/work/z80pack/z80core/simz80-cb.c.obj
 .text.op_rb4hl
                0x000000001000a5b4       0x58 CMakeFiles/picosim.dir/home/udo/work/z80pack/z80core/simz80-cb.c.obj
 .text.op_rb5hl
                0x000000001000a60c       0x58 CMakeFiles/picosim.dir/home/udo/work/z80pack/z80core/simz80-cb.c.obj
 .text.op_rb6hl
                0x000000001000a664       0x58 CMakeFiles/picosim.dir/home/udo/work/z80pack/z80core/simz80-cb.c.obj
 .text.op_rb7hl
                0x000000001000a6bc       0x58 CMakeFiles/picosim.dir/home/udo/work/z80pack/z80core/simz80-cb.c.obj
 .text.op_tb0a  0x000000001000a714       0x2c CMakeFiles/picosim.dir/home/udo/work/z80pack/z80core/simz80-cb.c.obj
 .text.op_tb1a  0x000000001000a740       0x2c CMakeFiles/picosim.dir/home/udo/work/z80pack/z80core/simz80-cb.c.obj
 .text.op_tb2a  0x000000001000a76c       0x2c CMakeFiles/picosim.dir/home/udo/work/z80pack/z80core/simz80-cb.c.obj
 .text.op_tb3a  0x000000001000a798       0x2c CMakeFiles/picosim.dir/home/udo/work/z80pack/z80core/simz80-cb.c.obj
 .text.op_tb4a  0x000000001000a7c4       0x2c CMakeFiles/picosim.dir/home/udo/work/z80pack/z80core/simz80-cb.c.obj
 .text.op_tb5a  0x000000001000a7f0       0x2c CMakeFiles/picosim.dir/home/udo/work/z80pack/z80core/simz80-cb.c.obj
 .text.op_tb6a  0x000000001000a81c       0x2c CMakeFiles/picosim.dir/home/udo/work/z80pack/z80core/simz80-cb.c.obj
 .text.op_tb7a  0x000000001000a848       0x2c CMakeFiles/picosim.dir/home/udo/work/z80pack/z80core/simz80-cb.c.obj
 .text.op_tb0b  0x000000001000a874       0x2c CMakeFiles/picosim.dir/home/udo/work/z80pack/z80core/simz80-cb.c.obj
 .text.op_tb1b  0x000000001000a8a0       0x2c CMakeFiles/picosim.dir/home/udo/work/z80pack/z80core/simz80-cb.c.obj
 .text.op_tb2b  0x000000001000a8cc       0x2c CMakeFiles/picosim.dir/home/udo/work/z80pack/z80core/simz80-cb.c.obj
 .text.op_tb3b  0x000000001000a8f8       0x2c CMakeFiles/picosim.dir/home/udo/work/z80pack/z80core/simz80-cb.c.obj
 .text.op_tb4b  0x000000001000a924       0x2c CMakeFiles/picosim.dir/home/udo/work/z80pack/z80core/simz80-cb.c.obj
 .text.op_tb5b  0x000000001000a950       0x2c CMakeFiles/picosim.dir/home/udo/work/z80pack/z80core/simz80-cb.c.obj
 .text.op_tb6b  0x000000001000a97c       0x2c CMakeFiles/picosim.dir/home/udo/work/z80pack/z80core/simz80-cb.c.obj
 .text.op_tb7b  0x000000001000a9a8       0x2c CMakeFiles/picosim.dir/home/udo/work/z80pack/z80core/simz80-cb.c.obj
 .text.op_tb0c  0x000000001000a9d4       0x2c CMakeFiles/picosim.dir/home/udo/work/z80pack/z80core/simz80-cb.c.obj
 .text.op_tb1c  0x000000001000aa00       0x2c CMakeFiles/picosim.dir/home/udo/work/z80pack/z80core/simz80-cb.c.obj
 .text.op_tb2c  0x000000001000aa2c       0x2c CMakeFiles/picosim.dir/home/udo/work/z80pack/z80core/simz80-cb.c.obj
 .text.op_tb3c  0x000000001000aa58       0x2c CMakeFiles/picosim.dir/home/udo/work/z80pack/z80core/simz80-cb.c.obj
 .text.op_tb4c  0x000000001000aa84       0x2c CMakeFiles/picosim.dir/home/udo/work/z80pack/z80core/simz80-cb.c.obj
 .text.op_tb5c  0x000000001000aab0       0x2c CMakeFiles/picosim.dir/home/udo/work/z80pack/z80core/simz80-cb.c.obj
 .text.op_tb6c  0x000000001000aadc       0x2c CMakeFiles/picosim.dir/home/udo/work/z80pack/z80core/simz80-cb.c.obj
 .text.op_tb7c  0x000000001000ab08       0x2c CMakeFiles/picosim.dir/home/udo/work/z80pack/z80core/simz80-cb.c.obj
 .text.op_tb0d  0x000000001000ab34       0x2c CMakeFiles/picosim.dir/home/udo/work/z80pack/z80core/simz80-cb.c.obj
 .text.op_tb1d  0x000000001000ab60       0x2c CMakeFiles/picosim.dir/home/udo/work/z80pack/z80core/simz80-cb.c.obj
 .text.op_tb2d  0x000000001000ab8c       0x2c CMakeFiles/picosim.dir/home/udo/work/z80pack/z80core/simz80-cb.c.obj
 .text.op_tb3d  0x000000001000abb8       0x2c CMakeFiles/picosim.dir/home/udo/work/z80pack/z80core/simz80-cb.c.obj
 .text.op_tb4d  0x000000001000abe4       0x2c CMakeFiles/picosim.dir/home/udo/work/z80pack/z80core/simz80-cb.c.obj
 .text.op_tb5d  0x000000001000ac10       0x2c CMakeFiles/picosim.dir/home/udo/work/z80pack/z80core/simz80-cb.c.obj
 .text.op_tb6d  0x000000001000ac3c       0x2c CMakeFiles/picosim.dir/home/udo/work/z80pack/z80core/simz80-cb.c.obj
 .text.op_tb7d  0x000000001000ac68       0x2c CMakeFiles/picosim.dir/home/udo/work/z80pack/z80core/simz80-cb.c.obj
 .text.op_tb0e  0x000000001000ac94       0x2c CMakeFiles/picosim.dir/home/udo/work/z80pack/z80core/simz80-cb.c.obj
 .text.op_tb1e  0x000000001000acc0       0x2c CMakeFiles/picosim.dir/home/udo/work/z80pack/z80core/simz80-cb.c.obj
 .text.op_tb2e  0x000000001000acec       0x2c CMakeFiles/picosim.dir/home/udo/work/z80pack/z80core/simz80-cb.c.obj
 .text.op_tb3e  0x000000001000ad18       0x2c CMakeFiles/picosim.dir/home/udo/work/z80pack/z80core/simz80-cb.c.obj
 .text.op_tb4e  0x000000001000ad44       0x2c CMakeFiles/picosim.dir/home/udo/work/z80pack/z80core/simz80-cb.c.obj
 .text.op_tb5e  0x000000001000ad70       0x2c CMakeFiles/picosim.dir/home/udo/work/z80pack/z80core/simz80-cb.c.obj
 .text.op_tb6e  0x000000001000ad9c       0x2c CMakeFiles/picosim.dir/home/udo/work/z80pack/z80core/simz80-cb.c.obj
 .text.op_tb7e  0x000000001000adc8       0x2c CMakeFiles/picosim.dir/home/udo/work/z80pack/z80core/simz80-cb.c.obj
 .text.op_tb0h  0x000000001000adf4       0x2c CMakeFiles/picosim.dir/home/udo/work/z80pack/z80core/simz80-cb.c.obj
 .text.op_tb1h  0x000000001000ae20       0x2c CMakeFiles/picosim.dir/home/udo/work/z80pack/z80core/simz80-cb.c.obj
 .text.op_tb2h  0x000000001000ae4c       0x2c CMakeFiles/picosim.dir/home/udo/work/z80pack/z80core/simz80-cb.c.obj
 .text.op_tb3h  0x000000001000ae78       0x2c CMakeFiles/picosim.dir/home/udo/work/z80pack/z80core/simz80-cb.c.obj
 .text.op_tb4h  0x000000001000aea4       0x2c CMakeFiles/picosim.dir/home/udo/work/z80pack/z80core/simz80-cb.c.obj
 .text.op_tb5h  0x000000001000aed0       0x2c CMakeFiles/picosim.dir/home/udo/work/z80pack/z80core/simz80-cb.c.obj
 .text.op_tb6h  0x000000001000aefc       0x2c CMakeFiles/picosim.dir/home/udo/work/z80pack/z80core/simz80-cb.c.obj
 .text.op_tb7h  0x000000001000af28       0x2c CMakeFiles/picosim.dir/home/udo/work/z80pack/z80core/simz80-cb.c.obj
 .text.op_tb0l  0x000000001000af54       0x2c CMakeFiles/picosim.dir/home/udo/work/z80pack/z80core/simz80-cb.c.obj
 .text.op_tb1l  0x000000001000af80       0x2c CMakeFiles/picosim.dir/home/udo/work/z80pack/z80core/simz80-cb.c.obj
 .text.op_tb2l  0x000000001000afac       0x2c CMakeFiles/picosim.dir/home/udo/work/z80pack/z80core/simz80-cb.c.obj
 .text.op_tb3l  0x000000001000afd8       0x2c CMakeFiles/picosim.dir/home/udo/work/z80pack/z80core/simz80-cb.c.obj
 .text.op_tb4l  0x000000001000b004       0x2c CMakeFiles/picosim.dir/home/udo/work/z80pack/z80core/simz80-cb.c.obj
 .text.op_tb5l  0x000000001000b030       0x2c CMakeFiles/picosim.dir/home/udo/work/z80pack/z80core/simz80-cb.c.obj
 .text.op_tb6l  0x000000001000b05c       0x2c CMakeFiles/picosim.dir/home/udo/work/z80pack/z80core/simz80-cb.c.obj
 .text.op_tb7l  0x000000001000b088       0x2c CMakeFiles/picosim.dir/home/udo/work/z80pack/z80core/simz80-cb.c.obj
 .text.op_tb0hl
                0x000000001000b0b4       0x68 CMakeFiles/picosim.dir/home/udo/work/z80pack/z80core/simz80-cb.c.obj
 .text.op_tb1hl
                0x000000001000b11c       0x68 CMakeFiles/picosim.dir/home/udo/work/z80pack/z80core/simz80-cb.c.obj
 .text.op_tb2hl
                0x000000001000b184       0x68 CMakeFiles/picosim.dir/home/udo/work/z80pack/z80core/simz80-cb.c.obj
 .text.op_tb3hl
                0x000000001000b1ec       0x68 CMakeFiles/picosim.dir/home/udo/work/z80pack/z80core/simz80-cb.c.obj
 .text.op_tb4hl
                0x000000001000b254       0x68 CMakeFiles/picosim.dir/home/udo/work/z80pack/z80core/simz80-cb.c.obj
 .text.op_tb5hl
                0x000000001000b2bc       0x68 CMakeFiles/picosim.dir/home/udo/work/z80pack/z80core/simz80-cb.c.obj
 .text.op_tb6hl
                0x000000001000b324       0x68 CMakeFiles/picosim.dir/home/udo/work/z80pack/z80core/simz80-cb.c.obj
 .text.op_tb7hl
                0x000000001000b38c       0x6c CMakeFiles/picosim.dir/home/udo/work/z80pack/z80core/simz80-cb.c.obj
 .text.op_srae  0x000000001000b3f8       0x70 CMakeFiles/picosim.dir/home/udo/work/z80pack/z80core/simz80-cb.c.obj
 .text.op_undoc_sllh
                0x000000001000b468       0x9c CMakeFiles/picosim.dir/home/udo/work/z80pack/z80core/simz80-cb.c.obj
 .text.op_undoc_sllhl
                0x000000001000b504       0xe0 CMakeFiles/picosim.dir/home/udo/work/z80pack/z80core/simz80-cb.c.obj
 .text.op_undoc_slll
                0x000000001000b5e4       0x9c CMakeFiles/picosim.dir/home/udo/work/z80pack/z80core/simz80-cb.c.obj
 .text.op_undoc_sllb
                0x000000001000b680       0x9c CMakeFiles/picosim.dir/home/udo/work/z80pack/z80core/simz80-cb.c.obj
 .text.op_undoc_sllc
                0x000000001000b71c       0x9c CMakeFiles/picosim.dir/home/udo/work/z80pack/z80core/simz80-cb.c.obj
 .text.op_undoc_slld
                0x000000001000b7b8       0x9c CMakeFiles/picosim.dir/home/udo/work/z80pack/z80core/simz80-cb.c.obj
 .text.op_undoc_slle
                0x000000001000b854       0x9c CMakeFiles/picosim.dir/home/udo/work/z80pack/z80core/simz80-cb.c.obj
 .text.op_srla  0x000000001000b8f0       0x64 CMakeFiles/picosim.dir/home/udo/work/z80pack/z80core/simz80-cb.c.obj
 .text.op_srlb  0x000000001000b954       0x64 CMakeFiles/picosim.dir/home/udo/work/z80pack/z80core/simz80-cb.c.obj
 .text.op_srlc  0x000000001000b9b8       0x64 CMakeFiles/picosim.dir/home/udo/work/z80pack/z80core/simz80-cb.c.obj
 .text.op_srld  0x000000001000ba1c       0x64 CMakeFiles/picosim.dir/home/udo/work/z80pack/z80core/simz80-cb.c.obj
 .text.op_srle  0x000000001000ba80       0x64 CMakeFiles/picosim.dir/home/udo/work/z80pack/z80core/simz80-cb.c.obj
 .text.op_srlh  0x000000001000bae4       0x64 CMakeFiles/picosim.dir/home/udo/work/z80pack/z80core/simz80-cb.c.obj
 .text.op_srll  0x000000001000bb48       0x64 CMakeFiles/picosim.dir/home/udo/work/z80pack/z80core/simz80-cb.c.obj
 .text.op_undoc_slla
                0x000000001000bbac       0x6c CMakeFiles/picosim.dir/home/udo/work/z80pack/z80core/simz80-cb.c.obj
 .text.op_slaa  0x000000001000bc18       0x74 CMakeFiles/picosim.dir/home/udo/work/z80pack/z80core/simz80-cb.c.obj
 .text.op_slab  0x000000001000bc8c       0x74 CMakeFiles/picosim.dir/home/udo/work/z80pack/z80core/simz80-cb.c.obj
 .text.op_slac  0x000000001000bd00       0x74 CMakeFiles/picosim.dir/home/udo/work/z80pack/z80core/simz80-cb.c.obj
 .text.op_slad  0x000000001000bd74       0x74 CMakeFiles/picosim.dir/home/udo/work/z80pack/z80core/simz80-cb.c.obj
 .text.op_slae  0x000000001000bde8       0x74 CMakeFiles/picosim.dir/home/udo/work/z80pack/z80core/simz80-cb.c.obj
 .text.op_slah  0x000000001000be5c       0x74 CMakeFiles/picosim.dir/home/udo/work/z80pack/z80core/simz80-cb.c.obj
 .text.op_slal  0x000000001000bed0       0x74 CMakeFiles/picosim.dir/home/udo/work/z80pack/z80core/simz80-cb.c.obj
 .text.op_sraa  0x000000001000bf44       0x70 CMakeFiles/picosim.dir/home/udo/work/z80pack/z80core/simz80-cb.c.obj
 .text.op_srah  0x000000001000bfb4       0x70 CMakeFiles/picosim.dir/home/udo/work/z80pack/z80core/simz80-cb.c.obj
 .text.op_sral  0x000000001000c024       0x70 CMakeFiles/picosim.dir/home/udo/work/z80pack/z80core/simz80-cb.c.obj
 .text.op_srab  0x000000001000c094       0x70 CMakeFiles/picosim.dir/home/udo/work/z80pack/z80core/simz80-cb.c.obj
 .text.op_srac  0x000000001000c104       0x70 CMakeFiles/picosim.dir/home/udo/work/z80pack/z80core/simz80-cb.c.obj
 .text.op_srad  0x000000001000c174       0x70 CMakeFiles/picosim.dir/home/udo/work/z80pack/z80core/simz80-cb.c.obj
 .text.op_cb_handle
                0x000000001000c1e4       0x50 CMakeFiles/picosim.dir/home/udo/work/z80pack/z80core/simz80-cb.c.obj
                0x000000001000c1e4                op_cb_handle
 .text.op_popix
                0x000000001000c234       0x6c CMakeFiles/picosim.dir/home/udo/work/z80pack/z80core/simz80-dd.c.obj
 .text.op_pusix
                0x000000001000c2a0       0x80 CMakeFiles/picosim.dir/home/udo/work/z80pack/z80core/simz80-dd.c.obj
 .text.op_jpix  0x000000001000c320       0x14 CMakeFiles/picosim.dir/home/udo/work/z80pack/z80core/simz80-dd.c.obj
 .text.op_exspx
                0x000000001000c334       0xb8 CMakeFiles/picosim.dir/home/udo/work/z80pack/z80core/simz80-dd.c.obj
 .text.op_ldspx
                0x000000001000c3ec       0x14 CMakeFiles/picosim.dir/home/udo/work/z80pack/z80core/simz80-dd.c.obj
 .text.op_ldixnn
                0x000000001000c400       0x6c CMakeFiles/picosim.dir/home/udo/work/z80pack/z80core/simz80-dd.c.obj
 .text.op_ldixinn
                0x000000001000c46c       0xb4 CMakeFiles/picosim.dir/home/udo/work/z80pack/z80core/simz80-dd.c.obj
 .text.op_ldinx
                0x000000001000c520       0xd8 CMakeFiles/picosim.dir/home/udo/work/z80pack/z80core/simz80-dd.c.obj
 .text.op_adaxd
                0x000000001000c5f8       0xd8 CMakeFiles/picosim.dir/home/udo/work/z80pack/z80core/simz80-dd.c.obj
 .text.op_acaxd
                0x000000001000c6d0       0xec CMakeFiles/picosim.dir/home/udo/work/z80pack/z80core/simz80-dd.c.obj
 .text.op_suaxd
                0x000000001000c7bc       0xd4 CMakeFiles/picosim.dir/home/udo/work/z80pack/z80core/simz80-dd.c.obj
 .text.op_scaxd
                0x000000001000c890       0xec CMakeFiles/picosim.dir/home/udo/work/z80pack/z80core/simz80-dd.c.obj
 .text.op_andxd
                0x000000001000c97c       0xb4 CMakeFiles/picosim.dir/home/udo/work/z80pack/z80core/simz80-dd.c.obj
 .text.op_xorxd
                0x000000001000ca30       0xb4 CMakeFiles/picosim.dir/home/udo/work/z80pack/z80core/simz80-dd.c.obj
 .text.op_orxd  0x000000001000cae4       0xb0 CMakeFiles/picosim.dir/home/udo/work/z80pack/z80core/simz80-dd.c.obj
 .text.op_cpxd  0x000000001000cb94       0xd0 CMakeFiles/picosim.dir/home/udo/work/z80pack/z80core/simz80-dd.c.obj
 .text.op_incxd
                0x000000001000cc64       0xc8 CMakeFiles/picosim.dir/home/udo/work/z80pack/z80core/simz80-dd.c.obj
 .text.op_decxd
                0x000000001000cd2c       0xdc CMakeFiles/picosim.dir/home/udo/work/z80pack/z80core/simz80-dd.c.obj
 .text.op_addxb
                0x000000001000ce08       0x84 CMakeFiles/picosim.dir/home/udo/work/z80pack/z80core/simz80-dd.c.obj
 .text.op_addxd
                0x000000001000ce8c       0x84 CMakeFiles/picosim.dir/home/udo/work/z80pack/z80core/simz80-dd.c.obj
 .text.op_addxs
                0x000000001000cf10       0x8c CMakeFiles/picosim.dir/home/udo/work/z80pack/z80core/simz80-dd.c.obj
 .text.op_addxx
                0x000000001000cf9c       0x70 CMakeFiles/picosim.dir/home/udo/work/z80pack/z80core/simz80-dd.c.obj
 .text.op_incix
                0x000000001000d00c       0x10 CMakeFiles/picosim.dir/home/udo/work/z80pack/z80core/simz80-dd.c.obj
 .text.op_decix
                0x000000001000d01c       0x10 CMakeFiles/picosim.dir/home/udo/work/z80pack/z80core/simz80-dd.c.obj
 .text.op_ldaxd
                0x000000001000d02c       0x68 CMakeFiles/picosim.dir/home/udo/work/z80pack/z80core/simz80-dd.c.obj
 .text.op_ldbxd
                0x000000001000d094       0x68 CMakeFiles/picosim.dir/home/udo/work/z80pack/z80core/simz80-dd.c.obj
 .text.op_ldcxd
                0x000000001000d0fc       0x68 CMakeFiles/picosim.dir/home/udo/work/z80pack/z80core/simz80-dd.c.obj
 .text.op_lddxd
                0x000000001000d164       0x68 CMakeFiles/picosim.dir/home/udo/work/z80pack/z80core/simz80-dd.c.obj
 .text.op_ldexd
                0x000000001000d1cc       0x68 CMakeFiles/picosim.dir/home/udo/work/z80pack/z80core/simz80-dd.c.obj
 .text.op_ldhxd
                0x000000001000d234       0x68 CMakeFiles/picosim.dir/home/udo/work/z80pack/z80core/simz80-dd.c.obj
 .text.op_ldlxd
                0x000000001000d29c       0x68 CMakeFiles/picosim.dir/home/udo/work/z80pack/z80core/simz80-dd.c.obj
 .text.op_ldxda
                0x000000001000d304       0x74 CMakeFiles/picosim.dir/home/udo/work/z80pack/z80core/simz80-dd.c.obj
 .text.op_ldxdb
                0x000000001000d378       0x74 CMakeFiles/picosim.dir/home/udo/work/z80pack/z80core/simz80-dd.c.obj
 .text.op_ldxdc
                0x000000001000d3ec       0x74 CMakeFiles/picosim.dir/home/udo/work/z80pack/z80core/simz80-dd.c.obj
 .text.op_ldxdd
                0x000000001000d460       0x74 CMakeFiles/picosim.dir/home/udo/work/z80pack/z80core/simz80-dd.c.obj
 .text.op_ldxde
                0x000000001000d4d4       0x74 CMakeFiles/picosim.dir/home/udo/work/z80pack/z80core/simz80-dd.c.obj
 .text.op_ldxdh
                0x000000001000d548       0x74 CMakeFiles/picosim.dir/home/udo/work/z80pack/z80core/simz80-dd.c.obj
 .text.op_ldxdl
                0x000000001000d5bc       0x74 CMakeFiles/picosim.dir/home/udo/work/z80pack/z80core/simz80-dd.c.obj
 .text.op_ldxdn
                0x000000001000d630       0x84 CMakeFiles/picosim.dir/home/udo/work/z80pack/z80core/simz80-dd.c.obj
 .text.op_undoc_ldaixl
                0x000000001000d6b4       0x38 CMakeFiles/picosim.dir/home/udo/work/z80pack/z80core/simz80-dd.c.obj
 .text.op_undoc_ldbixl
                0x000000001000d6ec       0x38 CMakeFiles/picosim.dir/home/udo/work/z80pack/z80core/simz80-dd.c.obj
 .text.op_undoc_ldcixl
                0x000000001000d724       0x38 CMakeFiles/picosim.dir/home/udo/work/z80pack/z80core/simz80-dd.c.obj
 .text.op_undoc_lddixl
                0x000000001000d75c       0x38 CMakeFiles/picosim.dir/home/udo/work/z80pack/z80core/simz80-dd.c.obj
 .text.op_undoc_ldeixl
                0x000000001000d794       0x38 CMakeFiles/picosim.dir/home/udo/work/z80pack/z80core/simz80-dd.c.obj
 .text.op_undoc_ldixhixh
                0x000000001000d7cc       0x28 CMakeFiles/picosim.dir/home/udo/work/z80pack/z80core/simz80-dd.c.obj
 .text.trap_dd  0x000000001000d7f4       0x40 CMakeFiles/picosim.dir/home/udo/work/z80pack/z80core/simz80-dd.c.obj
 .text.op_undoc_ldaixh
                0x000000001000d834       0x3c CMakeFiles/picosim.dir/home/udo/work/z80pack/z80core/simz80-dd.c.obj
 .text.op_undoc_ldbixh
                0x000000001000d870       0x3c CMakeFiles/picosim.dir/home/udo/work/z80pack/z80core/simz80-dd.c.obj
 .text.op_undoc_ldcixh
                0x000000001000d8ac       0x3c CMakeFiles/picosim.dir/home/udo/work/z80pack/z80core/simz80-dd.c.obj
 .text.op_undoc_lddixh
                0x000000001000d8e8       0x3c CMakeFiles/picosim.dir/home/udo/work/z80pack/z80core/simz80-dd.c.obj
 .text.op_undoc_ldeixh
                0x000000001000d924       0x3c CMakeFiles/picosim.dir/home/udo/work/z80pack/z80core/simz80-dd.c.obj
 .text.op_undoc_ldixla
                0x000000001000d960       0x44 CMakeFiles/picosim.dir/home/udo/work/z80pack/z80core/simz80-dd.c.obj
 .text.op_undoc_ldixha
                0x000000001000d9a4       0x40 CMakeFiles/picosim.dir/home/udo/work/z80pack/z80core/simz80-dd.c.obj
 .text.op_undoc_ldixlb
                0x000000001000d9e4       0x44 CMakeFiles/picosim.dir/home/udo/work/z80pack/z80core/simz80-dd.c.obj
 .text.op_undoc_ldixhb
                0x000000001000da28       0x40 CMakeFiles/picosim.dir/home/udo/work/z80pack/z80core/simz80-dd.c.obj
 .text.op_undoc_ldixlc
                0x000000001000da68       0x44 CMakeFiles/picosim.dir/home/udo/work/z80pack/z80core/simz80-dd.c.obj
 .text.op_undoc_ldixhc
                0x000000001000daac       0x40 CMakeFiles/picosim.dir/home/udo/work/z80pack/z80core/simz80-dd.c.obj
 .text.op_undoc_ldixld
                0x000000001000daec       0x44 CMakeFiles/picosim.dir/home/udo/work/z80pack/z80core/simz80-dd.c.obj
 .text.op_undoc_ldixhd
                0x000000001000db30       0x40 CMakeFiles/picosim.dir/home/udo/work/z80pack/z80core/simz80-dd.c.obj
 .text.op_undoc_ldixle
                0x000000001000db70       0x44 CMakeFiles/picosim.dir/home/udo/work/z80pack/z80core/simz80-dd.c.obj
 .text.op_undoc_ldixhe
                0x000000001000dbb4       0x40 CMakeFiles/picosim.dir/home/udo/work/z80pack/z80core/simz80-dd.c.obj
 .text.op_undoc_ldixlixh
                0x000000001000dbf4       0x3c CMakeFiles/picosim.dir/home/udo/work/z80pack/z80core/simz80-dd.c.obj
 .text.op_undoc_ldixhixl
                0x000000001000dc30       0x38 CMakeFiles/picosim.dir/home/udo/work/z80pack/z80core/simz80-dd.c.obj
 .text.op_undoc_ldixhn
                0x000000001000dc68       0x6c CMakeFiles/picosim.dir/home/udo/work/z80pack/z80core/simz80-dd.c.obj
 .text.op_undoc_ldixln
                0x000000001000dcd4       0x70 CMakeFiles/picosim.dir/home/udo/work/z80pack/z80core/simz80-dd.c.obj
 .text.op_undoc_cpixl
                0x000000001000dd44       0xbc CMakeFiles/picosim.dir/home/udo/work/z80pack/z80core/simz80-dd.c.obj
 .text.op_undoc_cpixh
                0x000000001000de00       0xbc CMakeFiles/picosim.dir/home/udo/work/z80pack/z80core/simz80-dd.c.obj
 .text.op_undoc_adaixl
                0x000000001000debc       0xb0 CMakeFiles/picosim.dir/home/udo/work/z80pack/z80core/simz80-dd.c.obj
 .text.op_undoc_adaixh
                0x000000001000df6c       0xb0 CMakeFiles/picosim.dir/home/udo/work/z80pack/z80core/simz80-dd.c.obj
 .text.op_undoc_acaixl
                0x000000001000e01c       0xb8 CMakeFiles/picosim.dir/home/udo/work/z80pack/z80core/simz80-dd.c.obj
 .text.op_undoc_acaixh
                0x000000001000e0d4       0xb8 CMakeFiles/picosim.dir/home/udo/work/z80pack/z80core/simz80-dd.c.obj
 .text.op_undoc_suaixl
                0x000000001000e18c       0xac CMakeFiles/picosim.dir/home/udo/work/z80pack/z80core/simz80-dd.c.obj
 .text.op_undoc_suaixh
                0x000000001000e238       0xac CMakeFiles/picosim.dir/home/udo/work/z80pack/z80core/simz80-dd.c.obj
 .text.op_undoc_scaixl
                0x000000001000e2e4       0xc4 CMakeFiles/picosim.dir/home/udo/work/z80pack/z80core/simz80-dd.c.obj
 .text.op_undoc_scaixh
                0x000000001000e3a8       0xb4 CMakeFiles/picosim.dir/home/udo/work/z80pack/z80core/simz80-dd.c.obj
 .text.op_undoc_oraixl
                0x000000001000e45c       0x8c CMakeFiles/picosim.dir/home/udo/work/z80pack/z80core/simz80-dd.c.obj
 .text.op_undoc_oraixh
                0x000000001000e4e8       0x8c CMakeFiles/picosim.dir/home/udo/work/z80pack/z80core/simz80-dd.c.obj
 .text.op_undoc_xorixl
                0x000000001000e574       0x8c CMakeFiles/picosim.dir/home/udo/work/z80pack/z80core/simz80-dd.c.obj
 .text.op_undoc_xorixh
                0x000000001000e600       0x90 CMakeFiles/picosim.dir/home/udo/work/z80pack/z80core/simz80-dd.c.obj
 .text.op_undoc_andixl
                0x000000001000e690       0x90 CMakeFiles/picosim.dir/home/udo/work/z80pack/z80core/simz80-dd.c.obj
 .text.op_undoc_andixh
                0x000000001000e720       0x90 CMakeFiles/picosim.dir/home/udo/work/z80pack/z80core/simz80-dd.c.obj
 .text.op_undoc_incixl
                0x000000001000e7b0       0x8c CMakeFiles/picosim.dir/home/udo/work/z80pack/z80core/simz80-dd.c.obj
 .text.op_undoc_incixh
                0x000000001000e83c       0x90 CMakeFiles/picosim.dir/home/udo/work/z80pack/z80core/simz80-dd.c.obj
 .text.op_undoc_decixl
                0x000000001000e8cc       0x98 CMakeFiles/picosim.dir/home/udo/work/z80pack/z80core/simz80-dd.c.obj
 .text.op_undoc_decixh
                0x000000001000e964       0x98 CMakeFiles/picosim.dir/home/udo/work/z80pack/z80core/simz80-dd.c.obj
 .text.op_undoc_ldixlixl
                0x000000001000e9fc       0x28 CMakeFiles/picosim.dir/home/udo/work/z80pack/z80core/simz80-dd.c.obj
 .text.op_dd_handle
                0x000000001000ea24       0x50 CMakeFiles/picosim.dir/home/udo/work/z80pack/z80core/simz80-dd.c.obj
                0x000000001000ea24                op_dd_handle
 .text.trap_ddcb
                0x000000001000ea74       0x18 CMakeFiles/picosim.dir/home/udo/work/z80pack/z80core/simz80-ddcb.c.obj
 .text.op_tb0ixd
                0x000000001000ea8c       0x58 CMakeFiles/picosim.dir/home/udo/work/z80pack/z80core/simz80-ddcb.c.obj
 .text.op_tb1ixd
                0x000000001000eae4       0x58 CMakeFiles/picosim.dir/home/udo/work/z80pack/z80core/simz80-ddcb.c.obj
 .text.op_tb2ixd
                0x000000001000eb3c       0x58 CMakeFiles/picosim.dir/home/udo/work/z80pack/z80core/simz80-ddcb.c.obj
 .text.op_tb3ixd
                0x000000001000eb94       0x58 CMakeFiles/picosim.dir/home/udo/work/z80pack/z80core/simz80-ddcb.c.obj
 .text.op_tb4ixd
                0x000000001000ebec       0x58 CMakeFiles/picosim.dir/home/udo/work/z80pack/z80core/simz80-ddcb.c.obj
 .text.op_tb5ixd
                0x000000001000ec44       0x58 CMakeFiles/picosim.dir/home/udo/work/z80pack/z80core/simz80-ddcb.c.obj
 .text.op_tb6ixd
                0x000000001000ec9c       0x58 CMakeFiles/picosim.dir/home/udo/work/z80pack/z80core/simz80-ddcb.c.obj
 .text.op_tb7ixd
                0x000000001000ecf4       0x60 CMakeFiles/picosim.dir/home/udo/work/z80pack/z80core/simz80-ddcb.c.obj
 .text.op_rb0ixd
                0x000000001000ed54       0x50 CMakeFiles/picosim.dir/home/udo/work/z80pack/z80core/simz80-ddcb.c.obj
 .text.op_rb1ixd
                0x000000001000eda4       0x50 CMakeFiles/picosim.dir/home/udo/work/z80pack/z80core/simz80-ddcb.c.obj
 .text.op_rb2ixd
                0x000000001000edf4       0x50 CMakeFiles/picosim.dir/home/udo/work/z80pack/z80core/simz80-ddcb.c.obj
 .text.op_rb3ixd
                0x000000001000ee44       0x50 CMakeFiles/picosim.dir/home/udo/work/z80pack/z80core/simz80-ddcb.c.obj
 .text.op_rb4ixd
                0x000000001000ee94       0x50 CMakeFiles/picosim.dir/home/udo/work/z80pack/z80core/simz80-ddcb.c.obj
 .text.op_rb5ixd
                0x000000001000eee4       0x50 CMakeFiles/picosim.dir/home/udo/work/z80pack/z80core/simz80-ddcb.c.obj
 .text.op_rb6ixd
                0x000000001000ef34       0x50 CMakeFiles/picosim.dir/home/udo/work/z80pack/z80core/simz80-ddcb.c.obj
 .text.op_rb7ixd
                0x000000001000ef84       0x50 CMakeFiles/picosim.dir/home/udo/work/z80pack/z80core/simz80-ddcb.c.obj
 .text.op_sb0ixd
                0x000000001000efd4       0x50 CMakeFiles/picosim.dir/home/udo/work/z80pack/z80core/simz80-ddcb.c.obj
 .text.op_sb1ixd
                0x000000001000f024       0x50 CMakeFiles/picosim.dir/home/udo/work/z80pack/z80core/simz80-ddcb.c.obj
 .text.op_sb2ixd
                0x000000001000f074       0x50 CMakeFiles/picosim.dir/home/udo/work/z80pack/z80core/simz80-ddcb.c.obj
 .text.op_sb3ixd
                0x000000001000f0c4       0x50 CMakeFiles/picosim.dir/home/udo/work/z80pack/z80core/simz80-ddcb.c.obj
 .text.op_sb4ixd
                0x000000001000f114       0x50 CMakeFiles/picosim.dir/home/udo/work/z80pack/z80core/simz80-ddcb.c.obj
 .text.op_sb5ixd
                0x000000001000f164       0x50 CMakeFiles/picosim.dir/home/udo/work/z80pack/z80core/simz80-ddcb.c.obj
 .text.op_sb6ixd
                0x000000001000f1b4       0x50 CMakeFiles/picosim.dir/home/udo/work/z80pack/z80core/simz80-ddcb.c.obj
 .text.op_sb7ixd
                0x000000001000f204       0x50 CMakeFiles/picosim.dir/home/udo/work/z80pack/z80core/simz80-ddcb.c.obj
 .text.op_rlcixd
                0x000000001000f254       0xc4 CMakeFiles/picosim.dir/home/udo/work/z80pack/z80core/simz80-ddcb.c.obj
 .text.op_rrcixd
                0x000000001000f318       0xb8 CMakeFiles/picosim.dir/home/udo/work/z80pack/z80core/simz80-ddcb.c.obj
 .text.op_rlixd
                0x000000001000f3d0       0xcc CMakeFiles/picosim.dir/home/udo/work/z80pack/z80core/simz80-ddcb.c.obj
 .text.op_rrixd
                0x000000001000f49c       0xbc CMakeFiles/picosim.dir/home/udo/work/z80pack/z80core/simz80-ddcb.c.obj
 .text.op_slaixd
                0x000000001000f558       0xc0 CMakeFiles/picosim.dir/home/udo/work/z80pack/z80core/simz80-ddcb.c.obj
 .text.op_sraixd
                0x000000001000f618       0xbc CMakeFiles/picosim.dir/home/udo/work/z80pack/z80core/simz80-ddcb.c.obj
 .text.op_srlixd
                0x000000001000f6d4       0xa0 CMakeFiles/picosim.dir/home/udo/work/z80pack/z80core/simz80-ddcb.c.obj
 .text.op_undoc_sllixd
                0x000000001000f774       0xd8 CMakeFiles/picosim.dir/home/udo/work/z80pack/z80core/simz80-ddcb.c.obj
 .text.op_ddcb_handle
                0x000000001000f84c       0x6c CMakeFiles/picosim.dir/home/udo/work/z80pack/z80core/simz80-ddcb.c.obj
                0x000000001000f84c                op_ddcb_handle
 .text.trap_ed  0x000000001000f8b8       0x18 CMakeFiles/picosim.dir/home/udo/work/z80pack/z80core/simz80-ed.c.obj
 .text.op_im0   0x000000001000f8d0       0x10 CMakeFiles/picosim.dir/home/udo/work/z80pack/z80core/simz80-ed.c.obj
 .text.op_im1   0x000000001000f8e0       0x10 CMakeFiles/picosim.dir/home/udo/work/z80pack/z80core/simz80-ed.c.obj
 .text.op_im2   0x000000001000f8f0       0x10 CMakeFiles/picosim.dir/home/udo/work/z80pack/z80core/simz80-ed.c.obj
 .text.op_reti  0x000000001000f900       0x6c CMakeFiles/picosim.dir/home/udo/work/z80pack/z80core/simz80-ed.c.obj
 .text.op_retn  0x000000001000f96c       0x80 CMakeFiles/picosim.dir/home/udo/work/z80pack/z80core/simz80-ed.c.obj
 .text.op_neg   0x000000001000f9ec       0x80 CMakeFiles/picosim.dir/home/udo/work/z80pack/z80core/simz80-ed.c.obj
 .text.op_ldia  0x000000001000fa6c       0x14 CMakeFiles/picosim.dir/home/udo/work/z80pack/z80core/simz80-ed.c.obj
 .text.op_ldra  0x000000001000fa80       0x1c CMakeFiles/picosim.dir/home/udo/work/z80pack/z80core/simz80-ed.c.obj
 .text.op_ldbcinn
                0x000000001000fa9c       0xc0 CMakeFiles/picosim.dir/home/udo/work/z80pack/z80core/simz80-ed.c.obj
 .text.op_lddeinn
                0x000000001000fb5c       0xc0 CMakeFiles/picosim.dir/home/udo/work/z80pack/z80core/simz80-ed.c.obj
 .text.op_ldhlinn
                0x000000001000fc1c       0xc0 CMakeFiles/picosim.dir/home/udo/work/z80pack/z80core/simz80-ed.c.obj
 .text.op_ldspinn
                0x000000001000fcdc       0xb4 CMakeFiles/picosim.dir/home/udo/work/z80pack/z80core/simz80-ed.c.obj
 .text.op_ldinbc
                0x000000001000fd90       0xcc CMakeFiles/picosim.dir/home/udo/work/z80pack/z80core/simz80-ed.c.obj
 .text.op_ldinde
                0x000000001000fe5c       0xcc CMakeFiles/picosim.dir/home/udo/work/z80pack/z80core/simz80-ed.c.obj
 .text.op_ldinhl
                0x000000001000ff28       0xcc CMakeFiles/picosim.dir/home/udo/work/z80pack/z80core/simz80-ed.c.obj
 .text.op_ldinsp
                0x000000001000fff4       0xc4 CMakeFiles/picosim.dir/home/udo/work/z80pack/z80core/simz80-ed.c.obj
 .text.op_adchb
                0x00000000100100b8       0xe8 CMakeFiles/picosim.dir/home/udo/work/z80pack/z80core/simz80-ed.c.obj
 .text.op_adchd
                0x00000000100101a0       0xe8 CMakeFiles/picosim.dir/home/udo/work/z80pack/z80core/simz80-ed.c.obj
 .text.op_adchh
                0x0000000010010288       0xac CMakeFiles/picosim.dir/home/udo/work/z80pack/z80core/simz80-ed.c.obj
 .text.op_adchs
                0x0000000010010334       0xd8 CMakeFiles/picosim.dir/home/udo/work/z80pack/z80core/simz80-ed.c.obj
 .text.op_sbchb
                0x000000001001040c       0xc4 CMakeFiles/picosim.dir/home/udo/work/z80pack/z80core/simz80-ed.c.obj
 .text.op_sbchd
                0x00000000100104d0       0xc4 CMakeFiles/picosim.dir/home/udo/work/z80pack/z80core/simz80-ed.c.obj
 .text.op_sbchh
                0x0000000010010594       0x54 CMakeFiles/picosim.dir/home/udo/work/z80pack/z80core/simz80-ed.c.obj
 .text.op_sbchs
                0x00000000100105e8       0xc4 CMakeFiles/picosim.dir/home/udo/work/z80pack/z80core/simz80-ed.c.obj
 .text.op_ldi   0x00000000100106ac       0xfc CMakeFiles/picosim.dir/home/udo/work/z80pack/z80core/simz80-ed.c.obj
 .text.op_ldd   0x00000000100107a8       0xfc CMakeFiles/picosim.dir/home/udo/work/z80pack/z80core/simz80-ed.c.obj
 .text.op_cpi   0x00000000100108a4       0xd8 CMakeFiles/picosim.dir/home/udo/work/z80pack/z80core/simz80-ed.c.obj
 .text.op_cpdop
                0x000000001001097c       0xd8 CMakeFiles/picosim.dir/home/udo/work/z80pack/z80core/simz80-ed.c.obj
 .text.op_oprld
                0x0000000010010a54       0xf8 CMakeFiles/picosim.dir/home/udo/work/z80pack/z80core/simz80-ed.c.obj
 .text.op_oprrd
                0x0000000010010b4c       0xc8 CMakeFiles/picosim.dir/home/udo/work/z80pack/z80core/simz80-ed.c.obj
 .text.op_outd  0x0000000010010c14       0xf0 CMakeFiles/picosim.dir/home/udo/work/z80pack/z80core/simz80-ed.c.obj
 .text.op_outi  0x0000000010010d04       0xf8 CMakeFiles/picosim.dir/home/udo/work/z80pack/z80core/simz80-ed.c.obj
 .text.op_outca
                0x0000000010010dfc       0x24 CMakeFiles/picosim.dir/home/udo/work/z80pack/z80core/simz80-ed.c.obj
 .text.op_outcl
                0x0000000010010e20       0x24 CMakeFiles/picosim.dir/home/udo/work/z80pack/z80core/simz80-ed.c.obj
 .text.op_outch
                0x0000000010010e44       0x24 CMakeFiles/picosim.dir/home/udo/work/z80pack/z80core/simz80-ed.c.obj
 .text.op_outce
                0x0000000010010e68       0x24 CMakeFiles/picosim.dir/home/udo/work/z80pack/z80core/simz80-ed.c.obj
 .text.op_outcd
                0x0000000010010e8c       0x24 CMakeFiles/picosim.dir/home/udo/work/z80pack/z80core/simz80-ed.c.obj
 .text.op_outcc
                0x0000000010010eb0       0x1c CMakeFiles/picosim.dir/home/udo/work/z80pack/z80core/simz80-ed.c.obj
 .text.op_outcb
                0x0000000010010ecc       0x1c CMakeFiles/picosim.dir/home/udo/work/z80pack/z80core/simz80-ed.c.obj
 .text.op_ind   0x0000000010010ee8      0x104 CMakeFiles/picosim.dir/home/udo/work/z80pack/z80core/simz80-ed.c.obj
 .text.op_ini   0x0000000010010fec      0x104 CMakeFiles/picosim.dir/home/udo/work/z80pack/z80core/simz80-ed.c.obj
 .text.op_ldar  0x00000000100110f0       0x68 CMakeFiles/picosim.dir/home/udo/work/z80pack/z80core/simz80-ed.c.obj
 .text.op_undoc_outc0
                0x0000000010011158       0x40 CMakeFiles/picosim.dir/home/udo/work/z80pack/z80core/simz80-ed.c.obj
 .text.op_inhic
                0x0000000010011198       0x68 CMakeFiles/picosim.dir/home/udo/work/z80pack/z80core/simz80-ed.c.obj
 .text.op_undoc_infic
                0x0000000010011200       0x88 CMakeFiles/picosim.dir/home/udo/work/z80pack/z80core/simz80-ed.c.obj
 .text.op_ldai  0x0000000010011288       0x54 CMakeFiles/picosim.dir/home/udo/work/z80pack/z80core/simz80-ed.c.obj
 .text.op_inir  0x00000000100112dc       0x24 CMakeFiles/picosim.dir/home/udo/work/z80pack/z80core/simz80-ed.c.obj
 .text.op_indr  0x0000000010011300       0x24 CMakeFiles/picosim.dir/home/udo/work/z80pack/z80core/simz80-ed.c.obj
 .text.op_otir  0x0000000010011324       0x24 CMakeFiles/picosim.dir/home/udo/work/z80pack/z80core/simz80-ed.c.obj
 .text.op_otdr  0x0000000010011348       0x24 CMakeFiles/picosim.dir/home/udo/work/z80pack/z80core/simz80-ed.c.obj
 .text.op_inaic
                0x000000001001136c       0x68 CMakeFiles/picosim.dir/home/udo/work/z80pack/z80core/simz80-ed.c.obj
 .text.op_inbic
                0x00000000100113d4       0x60 CMakeFiles/picosim.dir/home/udo/work/z80pack/z80core/simz80-ed.c.obj
 .text.op_inlic
                0x0000000010011434       0x68 CMakeFiles/picosim.dir/home/udo/work/z80pack/z80core/simz80-ed.c.obj
 .text.op_incic
                0x000000001001149c       0x60 CMakeFiles/picosim.dir/home/udo/work/z80pack/z80core/simz80-ed.c.obj
 .text.op_indic